===== 2026-01-15 09:58:04 =====
               total        used        free      shared  buff/cache   available
Mem:           503Gi       5.5Gi       277Gi        75Mi       220Gi       494Gi
Swap:          8.0Gi       1.7Gi       6.3Gi

===== 2026-01-15 09:58:05 =====
               total        used        free      shared  buff/cache   available
Mem:           503Gi       5.8Gi       277Gi        75Mi       220Gi       494Gi
Swap:          8.0Gi       1.7Gi       6.3Gi

===== 2026-01-15 09:58:06 =====
               total        used        free      shared  buff/cache   available
Mem:           503Gi       6.1Gi       277Gi        75Mi       220Gi       494Gi
Swap:          8.0Gi       1.7Gi       6.3Gi

===== 2026-01-15 09:58:07 =====
               total        used        free      shared  buff/cache   available
Mem:           503Gi       6.3Gi       277Gi        75Mi       220Gi       494Gi
Swap:          8.0Gi       1.7Gi       6.3Gi

===== 2026-01-15 09:58:08 =====
               total        used        free      shared  buff/cache   available
Mem:           503Gi       6.4Gi       276Gi        75Mi       220Gi       493Gi
Swap:          8.0Gi       1.7Gi       6.3Gi

===== 2026-01-15 09:58:09 =====
               total        used        free      shared  buff/cache   available
Mem:           503Gi       6.6Gi       276Gi        75Mi       220Gi       493Gi
Swap:          8.0Gi       1.7Gi       6.3Gi

===== 2026-01-15 09:58:10 =====
               total        used        free      shared  buff/cache   available
Mem:           503Gi       7.1Gi       276Gi        75Mi       220Gi       493Gi
Swap:          8.0Gi       1.7Gi       6.3Gi

===== 2026-01-15 09:58:11 =====
               total        used        free      shared  buff/cache   available
Mem:           503Gi       7.9Gi       275Gi        75Mi       220Gi       492Gi
Swap:          8.0Gi       1.7Gi       6.3Gi

===== 2026-01-15 09:58:12 =====
               total        used        free      shared  buff/cache   available
Mem:           503Gi       8.6Gi       274Gi        75Mi       220Gi       491Gi
Swap:          8.0Gi       1.7Gi       6.3Gi

===== 2026-01-15 09:58:13 =====
               total        used        free      shared  buff/cache   available
Mem:           503Gi       8.8Gi       274Gi        75Mi       220Gi       491Gi
Swap:          8.0Gi       1.7Gi       6.3Gi

===== 2026-01-15 09:58:14 =====
               total        used        free      shared  buff/cache   available
Mem:           503Gi       8.7Gi       274Gi        75Mi       220Gi       491Gi
Swap:          8.0Gi       1.7Gi       6.3Gi

===== 2026-01-15 09:58:15 =====
               total        used        free      shared  buff/cache   available
Mem:           503Gi       9.4Gi       273Gi        75Mi       220Gi       490Gi
Swap:          8.0Gi       1.7Gi       6.3Gi

===== 2026-01-15 09:58:16 =====
               total        used        free      shared  buff/cache   available
Mem:           503Gi       9.7Gi       273Gi        75Mi       220Gi       490Gi
Swap:          8.0Gi       1.7Gi       6.3Gi

===== 2026-01-15 09:58:17 =====
               total        used        free      shared  buff/cache   available
Mem:           503Gi       9.8Gi       273Gi        83Mi       220Gi       490Gi
Swap:          8.0Gi       1.7Gi       6.3Gi

===== 2026-01-15 09:58:18 =====
               total        used        free      shared  buff/cache   available
Mem:           503Gi       7.6Gi       275Gi        83Mi       220Gi       492Gi
Swap:          8.0Gi       1.7Gi       6.3Gi

===== 2026-01-15 09:58:19 =====
               total        used        free      shared  buff/cache   available
Mem:           503Gi       8.3Gi       275Gi        83Mi       220Gi       492Gi
Swap:          8.0Gi       1.7Gi       6.3Gi

===== 2026-01-15 09:58:20 =====
               total        used        free      shared  buff/cache   available
Mem:           503Gi       8.9Gi       274Gi        83Mi       220Gi       491Gi
Swap:          8.0Gi       1.7Gi       6.3Gi

===== 2026-01-15 09:58:21 =====
               total        used        free      shared  buff/cache   available
Mem:           503Gi       8.9Gi       274Gi        83Mi       220Gi       491Gi
Swap:          8.0Gi       1.7Gi       6.3Gi

===== 2026-01-15 09:58:22 =====
               total        used        free      shared  buff/cache   available
Mem:           503Gi       9.1Gi       274Gi        83Mi       220Gi       491Gi
Swap:          8.0Gi       1.7Gi       6.3Gi

===== 2026-01-15 09:58:23 =====
               total        used        free      shared  buff/cache   available
Mem:           503Gi       9.9Gi       273Gi        83Mi       220Gi       490Gi
Swap:          8.0Gi       1.7Gi       6.3Gi

===== 2026-01-15 09:58:24 =====
               total        used        free      shared  buff/cache   available
Mem:           503Gi       9.9Gi       273Gi        83Mi       220Gi       490Gi
Swap:          8.0Gi       1.7Gi       6.3Gi

===== 2026-01-15 09:58:25 =====
               total        used        free      shared  buff/cache   available
Mem:           503Gi       7.3Gi       276Gi        91Mi       220Gi       493Gi
Swap:          8.0Gi       1.7Gi       6.3Gi

===== 2026-01-15 09:58:26 =====
               total        used        free      shared  buff/cache   available
Mem:           503Gi       8.2Gi       275Gi       185Mi       220Gi       492Gi
Swap:          8.0Gi       1.7Gi       6.3Gi

===== 2026-01-15 09:58:27 =====
               total        used        free      shared  buff/cache   available
Mem:           503Gi       8.4Gi       274Gi       185Mi       220Gi       491Gi
Swap:          8.0Gi       1.7Gi       6.3Gi

===== 2026-01-15 09:58:28 =====
               total        used        free      shared  buff/cache   available
Mem:           503Gi       8.6Gi       274Gi       185Mi       220Gi       491Gi
Swap:          8.0Gi       1.7Gi       6.3Gi

===== 2026-01-15 09:58:29 =====
               total        used        free      shared  buff/cache   available
Mem:           503Gi       8.6Gi       274Gi       185Mi       220Gi       491Gi
Swap:          8.0Gi       1.7Gi       6.3Gi

===== 2026-01-15 09:58:30 =====
               total        used        free      shared  buff/cache   available
Mem:           503Gi       8.6Gi       274Gi       185Mi       220Gi       491Gi
Swap:          8.0Gi       1.7Gi       6.3Gi

===== 2026-01-15 09:58:31 =====
               total        used        free      shared  buff/cache   available
Mem:           503Gi       8.6Gi       274Gi       185Mi       220Gi       491Gi
Swap:          8.0Gi       1.7Gi       6.3Gi

===== 2026-01-15 09:58:32 =====
               total        used        free      shared  buff/cache   available
Mem:           503Gi       8.6Gi       274Gi       185Mi       220Gi       491Gi
Swap:          8.0Gi       1.7Gi       6.3Gi

===== 2026-01-15 09:58:33 =====
               total        used        free      shared  buff/cache   available
Mem:           503Gi       8.6Gi       274Gi       185Mi       220Gi       491Gi
Swap:          8.0Gi       1.7Gi       6.3Gi

===== 2026-01-15 09:58:34 =====
               total        used        free      shared  buff/cache   available
Mem:           503Gi       8.6Gi       274Gi       185Mi       220Gi       491Gi
Swap:          8.0Gi       1.7Gi       6.3Gi

===== 2026-01-15 09:58:35 =====
               total        used        free      shared  buff/cache   available
Mem:           503Gi       8.6Gi       274Gi       185Mi       220Gi       491Gi
Swap:          8.0Gi       1.7Gi       6.3Gi

===== 2026-01-15 09:58:36 =====
               total        used        free      shared  buff/cache   available
Mem:           503Gi       8.6Gi       274Gi       185Mi       220Gi       491Gi
Swap:          8.0Gi       1.7Gi       6.3Gi

===== 2026-01-15 09:58:37 =====
               total        used        free      shared  buff/cache   available
Mem:           503Gi       8.6Gi       274Gi       185Mi       220Gi       491Gi
Swap:          8.0Gi       1.7Gi       6.3Gi

===== 2026-01-15 09:58:38 =====
               total        used        free      shared  buff/cache   available
Mem:           503Gi       8.6Gi       274Gi       185Mi       220Gi       491Gi
Swap:          8.0Gi       1.7Gi       6.3Gi

===== 2026-01-15 09:58:39 =====
               total        used        free      shared  buff/cache   available
Mem:           503Gi       8.2Gi       275Gi       193Mi       220Gi       492Gi
Swap:          8.0Gi       1.7Gi       6.3Gi

===== 2026-01-15 09:58:40 =====
               total        used        free      shared  buff/cache   available
Mem:           503Gi       8.2Gi       275Gi       115Mi       220Gi       492Gi
Swap:          8.0Gi       1.7Gi       6.3Gi

===== 2026-01-15 09:58:41 =====
               total        used        free      shared  buff/cache   available
Mem:           503Gi       5.8Gi       277Gi        75Mi       220Gi       494Gi
Swap:          8.0Gi       1.7Gi       6.3Gi

===== 2026-01-15 09:58:42 =====
               total        used        free      shared  buff/cache   available
Mem:           503Gi       5.5Gi       277Gi        75Mi       220Gi       494Gi
Swap:          8.0Gi       1.7Gi       6.3Gi

===== 2026-01-15 09:58:43 =====
               total        used        free      shared  buff/cache   available
Mem:           503Gi       5.6Gi       277Gi        75Mi       220Gi       494Gi
Swap:          8.0Gi       1.7Gi       6.3Gi

===== 2026-01-15 09:58:44 =====
               total        used        free      shared  buff/cache   available
Mem:           503Gi       5.5Gi       277Gi        75Mi       220Gi       494Gi
Swap:          8.0Gi       1.7Gi       6.3Gi

===== 2026-01-15 09:58:45 =====
               total        used        free      shared  buff/cache   available
Mem:           503Gi       5.6Gi       277Gi        75Mi       220Gi       494Gi
Swap:          8.0Gi       1.7Gi       6.3Gi

===== 2026-01-15 09:58:46 =====
               total        used        free      shared  buff/cache   available
Mem:           503Gi       5.5Gi       277Gi        75Mi       220Gi       494Gi
Swap:          8.0Gi       1.7Gi       6.3Gi

===== 2026-01-15 09:58:47 =====
               total        used        free      shared  buff/cache   available
Mem:           503Gi       5.6Gi       277Gi        75Mi       220Gi       494Gi
Swap:          8.0Gi       1.7Gi       6.3Gi

===== 2026-01-15 09:58:48 =====
               total        used        free      shared  buff/cache   available
Mem:           503Gi       5.5Gi       277Gi        75Mi       220Gi       494Gi
Swap:          8.0Gi       1.7Gi       6.3Gi

===== 2026-01-15 09:58:49 =====
               total        used        free      shared  buff/cache   available
Mem:           503Gi       5.6Gi       277Gi        75Mi       220Gi       494Gi
Swap:          8.0Gi       1.7Gi       6.3Gi

