===== 2026-01-15 09:58:04 =====
hostname             Thu Jan 15 09:58:05 2026  560.35.05
[0] NVIDIA A40 | 34°C,   0 % |     0 / 46068 MB |
[1] NVIDIA A40 | 33°C,   0 % |     0 / 46068 MB |
[2] NVIDIA A40 | 33°C,   0 % |     0 / 46068 MB |
[3] NVIDIA A40 | 32°C,   0 % |     0 / 46068 MB |
[4] NVIDIA A40 | 33°C,   0 % |     0 / 46068 MB |
[5] NVIDIA A40 | 33°C,   0 % |     0 / 46068 MB |
[6] NVIDIA A40 | 33°C,   0 % |     0 / 46068 MB |
[7] NVIDIA A40 | 33°C,   0 % |     0 / 46068 MB |

===== 2026-01-15 09:58:06 =====
hostname             Thu Jan 15 09:58:07 2026  560.35.05
[0] NVIDIA A40 | 34°C,   0 % |     0 / 46068 MB |
[1] NVIDIA A40 | 33°C,   0 % |     0 / 46068 MB |
[2] NVIDIA A40 | 33°C,   0 % |     0 / 46068 MB |
[3] NVIDIA A40 | 32°C,   0 % |     0 / 46068 MB |
[4] NVIDIA A40 | 33°C,   0 % |     0 / 46068 MB |
[5] NVIDIA A40 | 33°C,   0 % |     0 / 46068 MB |
[6] NVIDIA A40 | 33°C,   0 % |     0 / 46068 MB |
[7] NVIDIA A40 | 33°C,   0 % |     0 / 46068 MB |

===== 2026-01-15 09:58:08 =====
hostname             Thu Jan 15 09:58:09 2026  560.35.05
[0] NVIDIA A40 | 34°C,   0 % |     3 / 46068 MB |
[1] NVIDIA A40 | 33°C,   0 % |     3 / 46068 MB |
[2] NVIDIA A40 | 33°C,   0 % |     3 / 46068 MB |
[3] NVIDIA A40 | 32°C,   0 % |     3 / 46068 MB |
[4] NVIDIA A40 | 33°C,   0 % |     3 / 46068 MB |
[5] NVIDIA A40 | 33°C,   0 % |     3 / 46068 MB |
[6] NVIDIA A40 | 34°C,   0 % |     3 / 46068 MB |
[7] NVIDIA A40 | 34°C,   0 % |     3 / 46068 MB |

===== 2026-01-15 09:58:10 =====
hostname             Thu Jan 15 09:58:11 2026  560.35.05
[0] NVIDIA A40 | 34°C,   0 % |     3 / 46068 MB |
[1] NVIDIA A40 | 33°C,   0 % |     3 / 46068 MB |
[2] NVIDIA A40 | 33°C,   0 % |     3 / 46068 MB |
[3] NVIDIA A40 | 32°C,   0 % |     3 / 46068 MB |
[4] NVIDIA A40 | 33°C,   0 % |     3 / 46068 MB |
[5] NVIDIA A40 | 33°C,   0 % |     3 / 46068 MB |
[6] NVIDIA A40 | 34°C,   0 % |     3 / 46068 MB |
[7] NVIDIA A40 | 34°C,   0 % |     3 / 46068 MB |

===== 2026-01-15 09:58:12 =====
hostname             Thu Jan 15 09:58:13 2026  560.35.05
[0] NVIDIA A40 | 34°C,   0 % |     3 / 46068 MB |
[1] NVIDIA A40 | 33°C,   0 % |     3 / 46068 MB |
[2] NVIDIA A40 | 33°C,   0 % |     3 / 46068 MB |
[3] NVIDIA A40 | 32°C,   0 % |     3 / 46068 MB |
[4] NVIDIA A40 | 33°C,   0 % |     3 / 46068 MB |
[5] NVIDIA A40 | 33°C,   0 % |     3 / 46068 MB |
[6] NVIDIA A40 | 33°C,   0 % |     3 / 46068 MB |
[7] NVIDIA A40 | 33°C,   0 % |     3 / 46068 MB |

===== 2026-01-15 09:58:15 =====
hostname             Thu Jan 15 09:58:16 2026  560.35.05
[0] NVIDIA A40 | 34°C,   0 % |     3 / 46068 MB |
[1] NVIDIA A40 | 33°C,   0 % |     3 / 46068 MB |
[2] NVIDIA A40 | 33°C,   0 % |     3 / 46068 MB |
[3] NVIDIA A40 | 32°C,   0 % |     3 / 46068 MB |
[4] NVIDIA A40 | 33°C,   0 % |     3 / 46068 MB |
[5] NVIDIA A40 | 33°C,   0 % |     3 / 46068 MB |
[6] NVIDIA A40 | 33°C,   0 % |     3 / 46068 MB |
[7] NVIDIA A40 | 33°C,   0 % |     3 / 46068 MB |

===== 2026-01-15 09:58:17 =====
hostname             Thu Jan 15 09:58:18 2026  560.35.05
[0] NVIDIA A40 | 34°C,   0 % |    18 / 46068 MB | root(?M)
[1] NVIDIA A40 | 33°C,   0 % |     3 / 46068 MB |
[2] NVIDIA A40 | 33°C,   0 % |     3 / 46068 MB |
[3] NVIDIA A40 | 32°C,   0 % |     3 / 46068 MB |
[4] NVIDIA A40 | 33°C,   0 % |     3 / 46068 MB |
[5] NVIDIA A40 | 33°C,   0 % |     3 / 46068 MB |
[6] NVIDIA A40 | 34°C,   0 % |     3 / 46068 MB |
[7] NVIDIA A40 | 34°C,   0 % |     3 / 46068 MB |

===== 2026-01-15 09:58:19 =====
hostname             Thu Jan 15 09:58:20 2026  560.35.05
[0] NVIDIA A40 | 36°C,   0 % |  1741 / 46068 MB | root(?M)
[1] NVIDIA A40 | 33°C,   0 % |     3 / 46068 MB |
[2] NVIDIA A40 | 33°C,   0 % |     3 / 46068 MB |
[3] NVIDIA A40 | 32°C,   0 % |     3 / 46068 MB |
[4] NVIDIA A40 | 33°C,   0 % |     3 / 46068 MB |
[5] NVIDIA A40 | 33°C,   0 % |     3 / 46068 MB |
[6] NVIDIA A40 | 34°C,   0 % |     3 / 46068 MB |
[7] NVIDIA A40 | 33°C,   0 % |     3 / 46068 MB |

===== 2026-01-15 09:58:21 =====
hostname             Thu Jan 15 09:58:22 2026  560.35.05
[0] NVIDIA A40 | 37°C,   0 % |  1741 / 46068 MB | root(?M)
[1] NVIDIA A40 | 33°C,   0 % |     3 / 46068 MB |
[2] NVIDIA A40 | 33°C,   0 % |     3 / 46068 MB |
[3] NVIDIA A40 | 32°C,   0 % |     3 / 46068 MB |
[4] NVIDIA A40 | 33°C,   0 % |     3 / 46068 MB |
[5] NVIDIA A40 | 33°C,   0 % |     3 / 46068 MB |
[6] NVIDIA A40 | 33°C,   0 % |     3 / 46068 MB |
[7] NVIDIA A40 | 33°C,   0 % |     3 / 46068 MB |

===== 2026-01-15 09:58:23 =====
hostname             Thu Jan 15 09:58:24 2026  560.35.05
[0] NVIDIA A40 | 37°C,   0 % |  1741 / 46068 MB | root(?M)
[1] NVIDIA A40 | 33°C,   0 % |     3 / 46068 MB |
[2] NVIDIA A40 | 33°C,   0 % |     3 / 46068 MB |
[3] NVIDIA A40 | 32°C,   0 % |     3 / 46068 MB |
[4] NVIDIA A40 | 33°C,   0 % |     3 / 46068 MB |
[5] NVIDIA A40 | 33°C,   0 % |     3 / 46068 MB |
[6] NVIDIA A40 | 33°C,   0 % |     3 / 46068 MB |
[7] NVIDIA A40 | 33°C,   0 % |     3 / 46068 MB |

===== 2026-01-15 09:58:25 =====
hostname             Thu Jan 15 09:58:26 2026  560.35.05
[0] NVIDIA A40 | 38°C,   5 % |  1835 / 46068 MB | root(?M)
[1] NVIDIA A40 | 36°C,   8 % |  2069 / 46068 MB | root(?M)
[2] NVIDIA A40 | 33°C,   0 % |     3 / 46068 MB |
[3] NVIDIA A40 | 33°C,   0 % |     3 / 46068 MB |
[4] NVIDIA A40 | 33°C,   0 % |     3 / 46068 MB |
[5] NVIDIA A40 | 33°C,   0 % |     3 / 46068 MB |
[6] NVIDIA A40 | 34°C,   0 % |     3 / 46068 MB |
[7] NVIDIA A40 | 34°C,   0 % |     3 / 46068 MB |

===== 2026-01-15 09:58:27 =====
hostname             Thu Jan 15 09:58:28 2026  560.35.05
[0] NVIDIA A40 | 42°C,  62 % |  7269 / 46068 MB | root(?M)
[1] NVIDIA A40 | 46°C,  82 % |  9055 / 46068 MB | root(?M)
[2] NVIDIA A40 | 33°C,   0 % |     3 / 46068 MB |
[3] NVIDIA A40 | 32°C,   0 % |     3 / 46068 MB |
[4] NVIDIA A40 | 33°C,   0 % |     3 / 46068 MB |
[5] NVIDIA A40 | 33°C,   0 % |     3 / 46068 MB |
[6] NVIDIA A40 | 34°C,   0 % |     3 / 46068 MB |
[7] NVIDIA A40 | 33°C,   0 % |     3 / 46068 MB |

===== 2026-01-15 09:58:29 =====
hostname             Thu Jan 15 09:58:30 2026  560.35.05
[0] NVIDIA A40 | 42°C,  87 % |  7333 / 46068 MB | root(?M)
[1] NVIDIA A40 | 45°C,  50 % |  7991 / 46068 MB | root(?M)
[2] NVIDIA A40 | 33°C,   0 % |     3 / 46068 MB |
[3] NVIDIA A40 | 32°C,   0 % |     3 / 46068 MB |
[4] NVIDIA A40 | 33°C,   0 % |     3 / 46068 MB |
[5] NVIDIA A40 | 33°C,   0 % |     3 / 46068 MB |
[6] NVIDIA A40 | 33°C,   0 % |     3 / 46068 MB |
[7] NVIDIA A40 | 34°C,   0 % |     3 / 46068 MB |

===== 2026-01-15 09:58:31 =====
hostname             Thu Jan 15 09:58:32 2026  560.35.05
[0] NVIDIA A40 | 45°C,  87 % |  7319 / 46068 MB | root(?M)
[1] NVIDIA A40 | 51°C,  83 % |  9167 / 46068 MB | root(?M)
[2] NVIDIA A40 | 33°C,   0 % |     3 / 46068 MB |
[3] NVIDIA A40 | 32°C,   0 % |     3 / 46068 MB |
[4] NVIDIA A40 | 33°C,   0 % |     3 / 46068 MB |
[5] NVIDIA A40 | 33°C,   0 % |     3 / 46068 MB |
[6] NVIDIA A40 | 33°C,   0 % |     3 / 46068 MB |
[7] NVIDIA A40 | 33°C,   0 % |     3 / 46068 MB |

===== 2026-01-15 09:58:33 =====
hostname             Thu Jan 15 09:58:35 2026  560.35.05
[0] NVIDIA A40 | 45°C,  86 % |  7293 / 46068 MB | root(?M)
[1] NVIDIA A40 | 52°C,  82 % |  8181 / 46068 MB | root(?M)
[2] NVIDIA A40 | 33°C,   0 % |     3 / 46068 MB |
[3] NVIDIA A40 | 32°C,   0 % |     3 / 46068 MB |
[4] NVIDIA A40 | 33°C,   0 % |     3 / 46068 MB |
[5] NVIDIA A40 | 33°C,   0 % |     3 / 46068 MB |
[6] NVIDIA A40 | 33°C,   0 % |     3 / 46068 MB |
[7] NVIDIA A40 | 33°C,   0 % |     3 / 46068 MB |

===== 2026-01-15 09:58:36 =====
hostname             Thu Jan 15 09:58:37 2026  560.35.05
[0] NVIDIA A40 | 45°C,  75 % |  7271 / 46068 MB | root(?M)
[1] NVIDIA A40 | 52°C,  55 % |  8029 / 46068 MB | root(?M)
[2] NVIDIA A40 | 33°C,   0 % |     3 / 46068 MB |
[3] NVIDIA A40 | 32°C,   0 % |     3 / 46068 MB |
[4] NVIDIA A40 | 33°C,   0 % |     3 / 46068 MB |
[5] NVIDIA A40 | 33°C,   0 % |     3 / 46068 MB |
[6] NVIDIA A40 | 33°C,   0 % |     3 / 46068 MB |
[7] NVIDIA A40 | 33°C,   0 % |     3 / 46068 MB |

===== 2026-01-15 09:58:38 =====
hostname             Thu Jan 15 09:58:39 2026  560.35.05
[0] NVIDIA A40 | 47°C,  87 % |  7329 / 46068 MB | root(?M)
[1] NVIDIA A40 | 55°C,  82 % |  9249 / 46068 MB | root(?M)
[2] NVIDIA A40 | 33°C,   0 % |     3 / 46068 MB |
[3] NVIDIA A40 | 32°C,   0 % |     3 / 46068 MB |
[4] NVIDIA A40 | 33°C,   0 % |     3 / 46068 MB |
[5] NVIDIA A40 | 33°C,   0 % |     3 / 46068 MB |
[6] NVIDIA A40 | 33°C,   0 % |     3 / 46068 MB |
[7] NVIDIA A40 | 33°C,   0 % |     3 / 46068 MB |

===== 2026-01-15 09:58:40 =====
hostname             Thu Jan 15 09:58:41 2026  560.35.05
[0] NVIDIA A40 | 42°C,   0 % |  7346 / 46068 MB | root(?M) root(?M)
[1] NVIDIA A40 | 45°C,   0 % |  7947 / 46068 MB | root(?M)
[2] NVIDIA A40 | 33°C,   0 % |     3 / 46068 MB |
[3] NVIDIA A40 | 32°C,   0 % |     3 / 46068 MB |
[4] NVIDIA A40 | 33°C,   0 % |     0 / 46068 MB |
[5] NVIDIA A40 | 33°C,   0 % |     0 / 46068 MB |
[6] NVIDIA A40 | 34°C,   0 % |     0 / 46068 MB |
[7] NVIDIA A40 | 34°C,   0 % |     0 / 46068 MB |

===== 2026-01-15 09:58:42 =====
hostname             Thu Jan 15 09:58:43 2026  560.35.05
[0] NVIDIA A40 | 42°C,   0 % |     0 / 46068 MB |
[1] NVIDIA A40 | 44°C,   0 % |     0 / 46068 MB |
[2] NVIDIA A40 | 33°C,   0 % |     0 / 46068 MB |
[3] NVIDIA A40 | 33°C,   0 % |     0 / 46068 MB |
[4] NVIDIA A40 | 33°C,   0 % |     0 / 46068 MB |
[5] NVIDIA A40 | 33°C,   0 % |     0 / 46068 MB |
[6] NVIDIA A40 | 34°C,   0 % |     0 / 46068 MB |
[7] NVIDIA A40 | 34°C,   0 % |     0 / 46068 MB |

===== 2026-01-15 09:58:44 =====
hostname             Thu Jan 15 09:58:45 2026  560.35.05
[0] NVIDIA A40 | 40°C,   0 % |     0 / 46068 MB |
[1] NVIDIA A40 | 42°C,   0 % |     0 / 46068 MB |
[2] NVIDIA A40 | 33°C,   0 % |     0 / 46068 MB |
[3] NVIDIA A40 | 32°C,   0 % |     0 / 46068 MB |
[4] NVIDIA A40 | 33°C,   0 % |     0 / 46068 MB |
[5] NVIDIA A40 | 33°C,   0 % |     0 / 46068 MB |
[6] NVIDIA A40 | 33°C,   0 % |     0 / 46068 MB |
[7] NVIDIA A40 | 33°C,   0 % |     0 / 46068 MB |

===== 2026-01-15 09:58:46 =====
hostname             Thu Jan 15 09:58:47 2026  560.35.05
[0] NVIDIA A40 | 40°C,   0 % |     0 / 46068 MB |
[1] NVIDIA A40 | 42°C,   0 % |     0 / 46068 MB |
[2] NVIDIA A40 | 33°C,   0 % |     0 / 46068 MB |
[3] NVIDIA A40 | 32°C,   0 % |     0 / 46068 MB |
[4] NVIDIA A40 | 33°C,   0 % |     0 / 46068 MB |
[5] NVIDIA A40 | 33°C,   0 % |     0 / 46068 MB |
[6] NVIDIA A40 | 33°C,   0 % |     0 / 46068 MB |
[7] NVIDIA A40 | 33°C,   0 % |     0 / 46068 MB |

===== 2026-01-15 09:58:48 =====
