===== 2026-01-15 09:34:13 =====
               total        used        free      shared  buff/cache   available
Mem:           503Gi       5.6Gi       277Gi        75Mi       220Gi       494Gi
Swap:          8.0Gi       1.7Gi       6.3Gi

===== 2026-01-15 09:34:14 =====
               total        used        free      shared  buff/cache   available
Mem:           503Gi       5.8Gi       277Gi        75Mi       220Gi       494Gi
Swap:          8.0Gi       1.7Gi       6.3Gi

===== 2026-01-15 09:34:15 =====
               total        used        free      shared  buff/cache   available
Mem:           503Gi       6.1Gi       277Gi        75Mi       220Gi       494Gi
Swap:          8.0Gi       1.7Gi       6.3Gi

===== 2026-01-15 09:34:16 =====
               total        used        free      shared  buff/cache   available
Mem:           503Gi       6.3Gi       277Gi        75Mi       220Gi       494Gi
Swap:          8.0Gi       1.7Gi       6.3Gi

===== 2026-01-15 09:34:17 =====
               total        used        free      shared  buff/cache   available
Mem:           503Gi       6.5Gi       276Gi        75Mi       220Gi       493Gi
Swap:          8.0Gi       1.7Gi       6.3Gi

===== 2026-01-15 09:34:18 =====
               total        used        free      shared  buff/cache   available
Mem:           503Gi       6.6Gi       276Gi        75Mi       220Gi       493Gi
Swap:          8.0Gi       1.7Gi       6.3Gi

===== 2026-01-15 09:34:19 =====
               total        used        free      shared  buff/cache   available
Mem:           503Gi       7.1Gi       276Gi        75Mi       220Gi       493Gi
Swap:          8.0Gi       1.7Gi       6.3Gi

===== 2026-01-15 09:34:20 =====
               total        used        free      shared  buff/cache   available
Mem:           503Gi       7.8Gi       275Gi        75Mi       220Gi       492Gi
Swap:          8.0Gi       1.7Gi       6.3Gi

===== 2026-01-15 09:34:21 =====
               total        used        free      shared  buff/cache   available
Mem:           503Gi       8.5Gi       274Gi        75Mi       220Gi       491Gi
Swap:          8.0Gi       1.7Gi       6.3Gi

===== 2026-01-15 09:34:22 =====
               total        used        free      shared  buff/cache   available
Mem:           503Gi       9.3Gi       274Gi        75Mi       220Gi       491Gi
Swap:          8.0Gi       1.7Gi       6.3Gi

===== 2026-01-15 09:34:23 =====
               total        used        free      shared  buff/cache   available
Mem:           503Gi        10Gi       273Gi        75Mi       220Gi       490Gi
Swap:          8.0Gi       1.7Gi       6.3Gi

===== 2026-01-15 09:34:24 =====
               total        used        free      shared  buff/cache   available
Mem:           503Gi        10Gi       272Gi        75Mi       220Gi       489Gi
Swap:          8.0Gi       1.7Gi       6.3Gi

===== 2026-01-15 09:34:25 =====
               total        used        free      shared  buff/cache   available
Mem:           503Gi        11Gi       272Gi        75Mi       220Gi       489Gi
Swap:          8.0Gi       1.7Gi       6.3Gi

===== 2026-01-15 09:34:26 =====
               total        used        free      shared  buff/cache   available
Mem:           503Gi        11Gi       272Gi        75Mi       220Gi       488Gi
Swap:          8.0Gi       1.7Gi       6.3Gi

===== 2026-01-15 09:34:27 =====
               total        used        free      shared  buff/cache   available
Mem:           503Gi        11Gi       272Gi        75Mi       220Gi       489Gi
Swap:          8.0Gi       1.7Gi       6.3Gi

===== 2026-01-15 09:34:28 =====
               total        used        free      shared  buff/cache   available
Mem:           503Gi        11Gi       272Gi        75Mi       220Gi       488Gi
Swap:          8.0Gi       1.7Gi       6.3Gi

===== 2026-01-15 09:34:29 =====
               total        used        free      shared  buff/cache   available
Mem:           503Gi        11Gi       272Gi        75Mi       220Gi       489Gi
Swap:          8.0Gi       1.7Gi       6.3Gi

===== 2026-01-15 09:34:30 =====
               total        used        free      shared  buff/cache   available
Mem:           503Gi        11Gi       271Gi        75Mi       220Gi       488Gi
Swap:          8.0Gi       1.7Gi       6.3Gi

===== 2026-01-15 09:34:31 =====
               total        used        free      shared  buff/cache   available
Mem:           503Gi        12Gi       271Gi        75Mi       220Gi       488Gi
Swap:          8.0Gi       1.7Gi       6.3Gi

===== 2026-01-15 09:34:32 =====
               total        used        free      shared  buff/cache   available
Mem:           503Gi        12Gi       271Gi        75Mi       220Gi       488Gi
Swap:          8.0Gi       1.7Gi       6.3Gi

===== 2026-01-15 09:34:33 =====
               total        used        free      shared  buff/cache   available
Mem:           503Gi        12Gi       270Gi        75Mi       220Gi       487Gi
Swap:          8.0Gi       1.7Gi       6.3Gi

===== 2026-01-15 09:34:34 =====
               total        used        free      shared  buff/cache   available
Mem:           503Gi       7.6Gi       275Gi        83Mi       220Gi       492Gi
Swap:          8.0Gi       1.7Gi       6.3Gi

===== 2026-01-15 09:34:35 =====
               total        used        free      shared  buff/cache   available
Mem:           503Gi       8.5Gi       274Gi        83Mi       220Gi       491Gi
Swap:          8.0Gi       1.7Gi       6.3Gi

===== 2026-01-15 09:34:36 =====
               total        used        free      shared  buff/cache   available
Mem:           503Gi       9.1Gi       274Gi        83Mi       220Gi       491Gi
Swap:          8.0Gi       1.7Gi       6.3Gi

===== 2026-01-15 09:34:37 =====
               total        used        free      shared  buff/cache   available
Mem:           503Gi       9.9Gi       273Gi        83Mi       220Gi       490Gi
Swap:          8.0Gi       1.7Gi       6.3Gi

===== 2026-01-15 09:34:38 =====
               total        used        free      shared  buff/cache   available
Mem:           503Gi        10Gi       272Gi        83Mi       220Gi       489Gi
Swap:          8.0Gi       1.7Gi       6.3Gi

===== 2026-01-15 09:34:39 =====
               total        used        free      shared  buff/cache   available
Mem:           503Gi        11Gi       271Gi        83Mi       220Gi       488Gi
Swap:          8.0Gi       1.7Gi       6.3Gi

===== 2026-01-15 09:34:40 =====
               total        used        free      shared  buff/cache   available
Mem:           503Gi        12Gi       271Gi        83Mi       220Gi       488Gi
Swap:          8.0Gi       1.7Gi       6.3Gi

===== 2026-01-15 09:34:41 =====
               total        used        free      shared  buff/cache   available
Mem:           503Gi        12Gi       271Gi        83Mi       220Gi       488Gi
Swap:          8.0Gi       1.7Gi       6.3Gi

===== 2026-01-15 09:34:42 =====
               total        used        free      shared  buff/cache   available
Mem:           503Gi        12Gi       271Gi        83Mi       220Gi       488Gi
Swap:          8.0Gi       1.7Gi       6.3Gi

===== 2026-01-15 09:34:43 =====
               total        used        free      shared  buff/cache   available
Mem:           503Gi        12Gi       271Gi        83Mi       220Gi       488Gi
Swap:          8.0Gi       1.7Gi       6.3Gi

===== 2026-01-15 09:34:44 =====
               total        used        free      shared  buff/cache   available
Mem:           503Gi        12Gi       271Gi        83Mi       220Gi       488Gi
Swap:          8.0Gi       1.7Gi       6.3Gi

===== 2026-01-15 09:34:45 =====
               total        used        free      shared  buff/cache   available
Mem:           503Gi        12Gi       271Gi        83Mi       220Gi       488Gi
Swap:          8.0Gi       1.7Gi       6.3Gi

===== 2026-01-15 09:34:46 =====
               total        used        free      shared  buff/cache   available
Mem:           503Gi        12Gi       271Gi        83Mi       220Gi       488Gi
Swap:          8.0Gi       1.7Gi       6.3Gi

===== 2026-01-15 09:34:47 =====
               total        used        free      shared  buff/cache   available
Mem:           503Gi        12Gi       270Gi        83Mi       220Gi       487Gi
Swap:          8.0Gi       1.7Gi       6.3Gi

===== 2026-01-15 09:34:48 =====
               total        used        free      shared  buff/cache   available
Mem:           503Gi        12Gi       270Gi        83Mi       220Gi       487Gi
Swap:          8.0Gi       1.7Gi       6.3Gi

===== 2026-01-15 09:34:49 =====
               total        used        free      shared  buff/cache   available
Mem:           503Gi        13Gi       270Gi        91Mi       220Gi       487Gi
Swap:          8.0Gi       1.7Gi       6.3Gi

===== 2026-01-15 09:34:50 =====
               total        used        free      shared  buff/cache   available
Mem:           503Gi        10Gi       272Gi        91Mi       220Gi       489Gi
Swap:          8.0Gi       1.7Gi       6.3Gi

===== 2026-01-15 09:34:51 =====
               total        used        free      shared  buff/cache   available
Mem:           503Gi       8.6Gi       274Gi       185Mi       220Gi       491Gi
Swap:          8.0Gi       1.7Gi       6.3Gi

===== 2026-01-15 09:34:52 =====
               total        used        free      shared  buff/cache   available
Mem:           503Gi       9.5Gi       273Gi       185Mi       220Gi       490Gi
Swap:          8.0Gi       1.7Gi       6.3Gi

===== 2026-01-15 09:34:53 =====
               total        used        free      shared  buff/cache   available
Mem:           503Gi       9.5Gi       273Gi       185Mi       220Gi       490Gi
Swap:          8.0Gi       1.7Gi       6.3Gi

===== 2026-01-15 09:34:54 =====
               total        used        free      shared  buff/cache   available
Mem:           503Gi       9.5Gi       273Gi       185Mi       220Gi       490Gi
Swap:          8.0Gi       1.7Gi       6.3Gi

===== 2026-01-15 09:34:55 =====
               total        used        free      shared  buff/cache   available
Mem:           503Gi       9.5Gi       273Gi       185Mi       220Gi       490Gi
Swap:          8.0Gi       1.7Gi       6.3Gi

===== 2026-01-15 09:34:56 =====
               total        used        free      shared  buff/cache   available
Mem:           503Gi       8.6Gi       274Gi       263Mi       220Gi       491Gi
Swap:          8.0Gi       1.7Gi       6.3Gi

===== 2026-01-15 09:34:57 =====
               total        used        free      shared  buff/cache   available
Mem:           503Gi       8.6Gi       274Gi       115Mi       220Gi       491Gi
Swap:          8.0Gi       1.7Gi       6.3Gi

===== 2026-01-15 09:34:58 =====
               total        used        free      shared  buff/cache   available
Mem:           503Gi       5.8Gi       277Gi        75Mi       220Gi       494Gi
Swap:          8.0Gi       1.7Gi       6.3Gi

===== 2026-01-15 09:34:59 =====
               total        used        free      shared  buff/cache   available
Mem:           503Gi       5.5Gi       277Gi        75Mi       220Gi       494Gi
Swap:          8.0Gi       1.7Gi       6.3Gi

===== 2026-01-15 09:35:00 =====
               total        used        free      shared  buff/cache   available
Mem:           503Gi       5.5Gi       277Gi        75Mi       220Gi       494Gi
Swap:          8.0Gi       1.7Gi       6.3Gi

===== 2026-01-15 09:35:01 =====
               total        used        free      shared  buff/cache   available
Mem:           503Gi       5.5Gi       277Gi        75Mi       220Gi       494Gi
Swap:          8.0Gi       1.7Gi       6.3Gi

===== 2026-01-15 09:35:02 =====
               total        used        free      shared  buff/cache   available
Mem:           503Gi       5.5Gi       277Gi        75Mi       220Gi       494Gi
Swap:          8.0Gi       1.7Gi       6.3Gi

===== 2026-01-15 09:35:03 =====
               total        used        free      shared  buff/cache   available
Mem:           503Gi       5.5Gi       277Gi        75Mi       220Gi       494Gi
Swap:          8.0Gi       1.7Gi       6.3Gi

===== 2026-01-15 09:35:04 =====
               total        used        free      shared  buff/cache   available
Mem:           503Gi       5.5Gi       277Gi        75Mi       220Gi       494Gi
Swap:          8.0Gi       1.7Gi       6.3Gi

===== 2026-01-15 09:35:05 =====
               total        used        free      shared  buff/cache   available
Mem:           503Gi       5.4Gi       277Gi        75Mi       220Gi       494Gi
Swap:          8.0Gi       1.7Gi       6.3Gi

===== 2026-01-15 09:35:06 =====
               total        used        free      shared  buff/cache   available
Mem:           503Gi       5.5Gi       277Gi        75Mi       220Gi       494Gi
Swap:          8.0Gi       1.7Gi       6.3Gi

