===== 2026-01-15 09:34:13 =====
hostname             Thu Jan 15 09:34:14 2026  560.35.05
[0] NVIDIA A40 | 34°C,   0 % |     0 / 46068 MB |
[1] NVIDIA A40 | 33°C,   0 % |     0 / 46068 MB |
[2] NVIDIA A40 | 33°C,   0 % |     0 / 46068 MB |
[3] NVIDIA A40 | 32°C,   0 % |     0 / 46068 MB |
[4] NVIDIA A40 | 33°C,   0 % |     0 / 46068 MB |
[5] NVIDIA A40 | 33°C,   0 % |     0 / 46068 MB |
[6] NVIDIA A40 | 34°C,   0 % |     0 / 46068 MB |
[7] NVIDIA A40 | 34°C,   0 % |     0 / 46068 MB |

===== 2026-01-15 09:34:15 =====
hostname             Thu Jan 15 09:34:16 2026  560.35.05
[0] NVIDIA A40 | 34°C,   0 % |     0 / 46068 MB |
[1] NVIDIA A40 | 33°C,   0 % |     0 / 46068 MB |
[2] NVIDIA A40 | 33°C,   0 % |     0 / 46068 MB |
[3] NVIDIA A40 | 32°C,   0 % |     0 / 46068 MB |
[4] NVIDIA A40 | 33°C,   0 % |     0 / 46068 MB |
[5] NVIDIA A40 | 33°C,   0 % |     0 / 46068 MB |
[6] NVIDIA A40 | 34°C,   0 % |     0 / 46068 MB |
[7] NVIDIA A40 | 34°C,   0 % |     0 / 46068 MB |

===== 2026-01-15 09:34:17 =====
hostname             Thu Jan 15 09:34:19 2026  560.35.05
[0] NVIDIA A40 | 34°C,   0 % |     3 / 46068 MB |
[1] NVIDIA A40 | 33°C,   0 % |     3 / 46068 MB |
[2] NVIDIA A40 | 33°C,   0 % |     3 / 46068 MB |
[3] NVIDIA A40 | 32°C,   0 % |     3 / 46068 MB |
[4] NVIDIA A40 | 33°C,   0 % |     3 / 46068 MB |
[5] NVIDIA A40 | 33°C,   0 % |     3 / 46068 MB |
[6] NVIDIA A40 | 34°C,   0 % |     3 / 46068 MB |
[7] NVIDIA A40 | 34°C,   0 % |     3 / 46068 MB |

===== 2026-01-15 09:34:20 =====
hostname             Thu Jan 15 09:34:21 2026  560.35.05
[0] NVIDIA A40 | 34°C,   0 % |     3 / 46068 MB |
[1] NVIDIA A40 | 33°C,   0 % |     3 / 46068 MB |
[2] NVIDIA A40 | 33°C,   0 % |     3 / 46068 MB |
[3] NVIDIA A40 | 33°C,   0 % |     3 / 46068 MB |
[4] NVIDIA A40 | 33°C,   0 % |     3 / 46068 MB |
[5] NVIDIA A40 | 34°C,   0 % |     3 / 46068 MB |
[6] NVIDIA A40 | 34°C,   0 % |     3 / 46068 MB |
[7] NVIDIA A40 | 34°C,   0 % |     3 / 46068 MB |

===== 2026-01-15 09:34:22 =====
hostname             Thu Jan 15 09:34:23 2026  560.35.05
[0] NVIDIA A40 | 34°C,   0 % |     3 / 46068 MB |
[1] NVIDIA A40 | 33°C,   0 % |     3 / 46068 MB |
[2] NVIDIA A40 | 33°C,   0 % |     3 / 46068 MB |
[3] NVIDIA A40 | 32°C,   0 % |     3 / 46068 MB |
[4] NVIDIA A40 | 33°C,   0 % |     3 / 46068 MB |
[5] NVIDIA A40 | 33°C,   0 % |     3 / 46068 MB |
[6] NVIDIA A40 | 34°C,   0 % |     3 / 46068 MB |
[7] NVIDIA A40 | 34°C,   0 % |     3 / 46068 MB |

===== 2026-01-15 09:34:24 =====
hostname             Thu Jan 15 09:34:25 2026  560.35.05
[0] NVIDIA A40 | 34°C,   0 % |     3 / 46068 MB |
[1] NVIDIA A40 | 33°C,   0 % |     3 / 46068 MB |
[2] NVIDIA A40 | 33°C,   0 % |     3 / 46068 MB |
[3] NVIDIA A40 | 32°C,   0 % |     3 / 46068 MB |
[4] NVIDIA A40 | 33°C,   0 % |     3 / 46068 MB |
[5] NVIDIA A40 | 33°C,   0 % |     3 / 46068 MB |
[6] NVIDIA A40 | 34°C,   0 % |     3 / 46068 MB |
[7] NVIDIA A40 | 34°C,   0 % |     3 / 46068 MB |

===== 2026-01-15 09:34:26 =====
hostname             Thu Jan 15 09:34:27 2026  560.35.05
[0] NVIDIA A40 | 34°C,   0 % |     3 / 46068 MB |
[1] NVIDIA A40 | 33°C,   0 % |     3 / 46068 MB |
[2] NVIDIA A40 | 33°C,   0 % |     3 / 46068 MB |
[3] NVIDIA A40 | 32°C,   0 % |     3 / 46068 MB |
[4] NVIDIA A40 | 33°C,   0 % |     3 / 46068 MB |
[5] NVIDIA A40 | 33°C,   0 % |     3 / 46068 MB |
[6] NVIDIA A40 | 34°C,   0 % |     3 / 46068 MB |
[7] NVIDIA A40 | 34°C,   0 % |     3 / 46068 MB |

===== 2026-01-15 09:34:28 =====
hostname             Thu Jan 15 09:34:29 2026  560.35.05
[0] NVIDIA A40 | 34°C,   0 % |     3 / 46068 MB |
[1] NVIDIA A40 | 33°C,   0 % |     3 / 46068 MB |
[2] NVIDIA A40 | 33°C,   0 % |     3 / 46068 MB |
[3] NVIDIA A40 | 32°C,   0 % |     3 / 46068 MB |
[4] NVIDIA A40 | 33°C,   0 % |     3 / 46068 MB |
[5] NVIDIA A40 | 33°C,   0 % |     3 / 46068 MB |
[6] NVIDIA A40 | 34°C,   0 % |     3 / 46068 MB |
[7] NVIDIA A40 | 34°C,   0 % |     3 / 46068 MB |

===== 2026-01-15 09:34:30 =====
hostname             Thu Jan 15 09:34:31 2026  560.35.05
[0] NVIDIA A40 | 34°C,   0 % |     3 / 46068 MB |
[1] NVIDIA A40 | 33°C,   0 % |     3 / 46068 MB |
[2] NVIDIA A40 | 33°C,   0 % |     3 / 46068 MB |
[3] NVIDIA A40 | 32°C,   0 % |     3 / 46068 MB |
[4] NVIDIA A40 | 33°C,   0 % |     3 / 46068 MB |
[5] NVIDIA A40 | 33°C,   0 % |     3 / 46068 MB |
[6] NVIDIA A40 | 34°C,   0 % |     3 / 46068 MB |
[7] NVIDIA A40 | 34°C,   0 % |     3 / 46068 MB |

===== 2026-01-15 09:34:32 =====
hostname             Thu Jan 15 09:34:33 2026  560.35.05
[0] NVIDIA A40 | 34°C,   0 % |     3 / 46068 MB |
[1] NVIDIA A40 | 33°C,   0 % |     3 / 46068 MB |
[2] NVIDIA A40 | 33°C,   0 % |     3 / 46068 MB |
[3] NVIDIA A40 | 32°C,   0 % |     3 / 46068 MB |
[4] NVIDIA A40 | 33°C,   0 % |     3 / 46068 MB |
[5] NVIDIA A40 | 33°C,   0 % |     3 / 46068 MB |
[6] NVIDIA A40 | 34°C,   0 % |     3 / 46068 MB |
[7] NVIDIA A40 | 34°C,   0 % |     3 / 46068 MB |

===== 2026-01-15 09:34:34 =====
hostname             Thu Jan 15 09:34:35 2026  560.35.05
[0] NVIDIA A40 | 36°C,   0 % |  3133 / 46068 MB | root(?M)
[1] NVIDIA A40 | 33°C,   0 % |     3 / 46068 MB |
[2] NVIDIA A40 | 33°C,   0 % |     3 / 46068 MB |
[3] NVIDIA A40 | 33°C,   0 % |     3 / 46068 MB |
[4] NVIDIA A40 | 33°C,   0 % |     3 / 46068 MB |
[5] NVIDIA A40 | 33°C,   0 % |     3 / 46068 MB |
[6] NVIDIA A40 | 34°C,   0 % |     3 / 46068 MB |
[7] NVIDIA A40 | 34°C,   0 % |     3 / 46068 MB |

===== 2026-01-15 09:34:36 =====
hostname             Thu Jan 15 09:34:38 2026  560.35.05
[0] NVIDIA A40 | 37°C,   0 % |  3133 / 46068 MB | root(?M)
[1] NVIDIA A40 | 33°C,   0 % |     3 / 46068 MB |
[2] NVIDIA A40 | 33°C,   0 % |     3 / 46068 MB |
[3] NVIDIA A40 | 32°C,   0 % |     3 / 46068 MB |
[4] NVIDIA A40 | 33°C,   0 % |     3 / 46068 MB |
[5] NVIDIA A40 | 33°C,   0 % |     3 / 46068 MB |
[6] NVIDIA A40 | 34°C,   0 % |     3 / 46068 MB |
[7] NVIDIA A40 | 34°C,   0 % |     3 / 46068 MB |

===== 2026-01-15 09:34:39 =====
hostname             Thu Jan 15 09:34:40 2026  560.35.05
[0] NVIDIA A40 | 37°C,   0 % |  3133 / 46068 MB | root(?M)
[1] NVIDIA A40 | 33°C,   0 % |     3 / 46068 MB |
[2] NVIDIA A40 | 33°C,   0 % |     3 / 46068 MB |
[3] NVIDIA A40 | 32°C,   0 % |     3 / 46068 MB |
[4] NVIDIA A40 | 33°C,   0 % |     3 / 46068 MB |
[5] NVIDIA A40 | 33°C,   0 % |     3 / 46068 MB |
[6] NVIDIA A40 | 34°C,   0 % |     3 / 46068 MB |
[7] NVIDIA A40 | 34°C,   0 % |     3 / 46068 MB |

===== 2026-01-15 09:34:41 =====
hostname             Thu Jan 15 09:34:42 2026  560.35.05
[0] NVIDIA A40 | 37°C,   0 % |  3133 / 46068 MB | root(?M)
[1] NVIDIA A40 | 33°C,   0 % |     3 / 46068 MB |
[2] NVIDIA A40 | 33°C,   0 % |     3 / 46068 MB |
[3] NVIDIA A40 | 32°C,   0 % |     3 / 46068 MB |
[4] NVIDIA A40 | 33°C,   0 % |     3 / 46068 MB |
[5] NVIDIA A40 | 33°C,   0 % |     3 / 46068 MB |
[6] NVIDIA A40 | 34°C,   0 % |     3 / 46068 MB |
[7] NVIDIA A40 | 34°C,   0 % |     3 / 46068 MB |

===== 2026-01-15 09:34:43 =====
hostname             Thu Jan 15 09:34:44 2026  560.35.05
[0] NVIDIA A40 | 38°C,   0 % |  3133 / 46068 MB | root(?M)
[1] NVIDIA A40 | 33°C,   0 % |     3 / 46068 MB |
[2] NVIDIA A40 | 33°C,   0 % |     3 / 46068 MB |
[3] NVIDIA A40 | 32°C,   0 % |     3 / 46068 MB |
[4] NVIDIA A40 | 33°C,   0 % |     3 / 46068 MB |
[5] NVIDIA A40 | 33°C,   0 % |     3 / 46068 MB |
[6] NVIDIA A40 | 34°C,   0 % |     3 / 46068 MB |
[7] NVIDIA A40 | 34°C,   0 % |     3 / 46068 MB |

===== 2026-01-15 09:34:45 =====
hostname             Thu Jan 15 09:34:46 2026  560.35.05
[0] NVIDIA A40 | 38°C,   0 % |  3133 / 46068 MB | root(?M)
[1] NVIDIA A40 | 33°C,   0 % |     3 / 46068 MB |
[2] NVIDIA A40 | 33°C,   0 % |     3 / 46068 MB |
[3] NVIDIA A40 | 32°C,   0 % |     3 / 46068 MB |
[4] NVIDIA A40 | 33°C,   0 % |     3 / 46068 MB |
[5] NVIDIA A40 | 33°C,   0 % |     3 / 46068 MB |
[6] NVIDIA A40 | 34°C,   0 % |     3 / 46068 MB |
[7] NVIDIA A40 | 34°C,   0 % |     3 / 46068 MB |

===== 2026-01-15 09:34:47 =====
hostname             Thu Jan 15 09:34:48 2026  560.35.05
[0] NVIDIA A40 | 38°C,   0 % |  3133 / 46068 MB | root(?M)
[1] NVIDIA A40 | 33°C,   0 % |     3 / 46068 MB |
[2] NVIDIA A40 | 33°C,   0 % |     3 / 46068 MB |
[3] NVIDIA A40 | 32°C,   0 % |     3 / 46068 MB |
[4] NVIDIA A40 | 33°C,   0 % |     3 / 46068 MB |
[5] NVIDIA A40 | 33°C,   0 % |     3 / 46068 MB |
[6] NVIDIA A40 | 34°C,   0 % |     3 / 46068 MB |
[7] NVIDIA A40 | 34°C,   0 % |     3 / 46068 MB |

===== 2026-01-15 09:34:49 =====
hostname             Thu Jan 15 09:34:50 2026  560.35.05
[0] NVIDIA A40 | 38°C,   0 % |  3133 / 46068 MB | root(?M)
[1] NVIDIA A40 | 35°C,   0 % |   269 / 46068 MB | root(?M)
[2] NVIDIA A40 | 33°C,   0 % |     3 / 46068 MB |
[3] NVIDIA A40 | 32°C,   0 % |     3 / 46068 MB |
[4] NVIDIA A40 | 33°C,   0 % |     3 / 46068 MB |
[5] NVIDIA A40 | 33°C,   0 % |     3 / 46068 MB |
[6] NVIDIA A40 | 34°C,   0 % |     3 / 46068 MB |
[7] NVIDIA A40 | 34°C,   0 % |     3 / 46068 MB |

===== 2026-01-15 09:34:51 =====
hostname             Thu Jan 15 09:34:52 2026  560.35.05
[0] NVIDIA A40 | 39°C,   5 % |  3333 / 46068 MB | root(?M)
[1] NVIDIA A40 | 36°C,  38 % |  3461 / 46068 MB | root(?M)
[2] NVIDIA A40 | 33°C,   0 % |     3 / 46068 MB |
[3] NVIDIA A40 | 32°C,   0 % |     3 / 46068 MB |
[4] NVIDIA A40 | 33°C,   0 % |     3 / 46068 MB |
[5] NVIDIA A40 | 33°C,   0 % |     3 / 46068 MB |
[6] NVIDIA A40 | 34°C,   0 % |     3 / 46068 MB |
[7] NVIDIA A40 | 34°C,   0 % |     3 / 46068 MB |

===== 2026-01-15 09:34:53 =====
hostname             Thu Jan 15 09:34:54 2026  560.35.05
[0] NVIDIA A40 | 44°C,  56 % | 14197 / 46068 MB | root(?M)
[1] NVIDIA A40 | 44°C,  46 % | 15065 / 46068 MB | root(?M)
[2] NVIDIA A40 | 33°C,   0 % |     3 / 46068 MB |
[3] NVIDIA A40 | 32°C,   0 % |     3 / 46068 MB |
[4] NVIDIA A40 | 33°C,   0 % |     3 / 46068 MB |
[5] NVIDIA A40 | 33°C,   0 % |     3 / 46068 MB |
[6] NVIDIA A40 | 34°C,   0 % |     3 / 46068 MB |
[7] NVIDIA A40 | 34°C,   0 % |     3 / 46068 MB |

===== 2026-01-15 09:34:55 =====
hostname             Thu Jan 15 09:34:57 2026  560.35.05
[0] NVIDIA A40 | 45°C,  87 % | 13227 / 46068 MB | root(?M)
[1] NVIDIA A40 | 42°C,  50 % | 14971 / 46068 MB | root(?M)
[2] NVIDIA A40 | 33°C,   0 % |     3 / 46068 MB |
[3] NVIDIA A40 | 32°C,   0 % |     3 / 46068 MB |
[4] NVIDIA A40 | 33°C,   0 % |     3 / 46068 MB |
[5] NVIDIA A40 | 33°C,   0 % |     3 / 46068 MB |
[6] NVIDIA A40 | 34°C,   0 % |     3 / 46068 MB |
[7] NVIDIA A40 | 34°C,   0 % |     3 / 46068 MB |

===== 2026-01-15 09:34:58 =====
hostname             Thu Jan 15 09:34:59 2026  560.35.05
[0] NVIDIA A40 | 41°C,   0 % | 14296 / 46068 MB | root(?M) root(?M)
[1] NVIDIA A40 | 39°C,   0 % | 14819 / 46068 MB | root(?M)
[2] NVIDIA A40 | 33°C,   0 % |     3 / 46068 MB |
[3] NVIDIA A40 | 33°C,   0 % |     0 / 46068 MB |
[4] NVIDIA A40 | 33°C,   0 % |     0 / 46068 MB |
[5] NVIDIA A40 | 33°C,   0 % |     0 / 46068 MB |
[6] NVIDIA A40 | 34°C,   0 % |     0 / 46068 MB |
[7] NVIDIA A40 | 34°C,   0 % |     0 / 46068 MB |

===== 2026-01-15 09:35:00 =====
hostname             Thu Jan 15 09:35:01 2026  560.35.05
[0] NVIDIA A40 | 41°C,   0 % |     0 / 46068 MB |
[1] NVIDIA A40 | 39°C,   0 % |     0 / 46068 MB |
[2] NVIDIA A40 | 33°C,   0 % |     0 / 46068 MB |
[3] NVIDIA A40 | 33°C,   0 % |     0 / 46068 MB |
[4] NVIDIA A40 | 33°C,   0 % |     0 / 46068 MB |
[5] NVIDIA A40 | 33°C,   0 % |     0 / 46068 MB |
[6] NVIDIA A40 | 34°C,   0 % |     0 / 46068 MB |
[7] NVIDIA A40 | 34°C,   0 % |     0 / 46068 MB |

===== 2026-01-15 09:35:02 =====
hostname             Thu Jan 15 09:35:03 2026  560.35.05
[0] NVIDIA A40 | 39°C,   0 % |     0 / 46068 MB |
[1] NVIDIA A40 | 37°C,   0 % |     0 / 46068 MB |
[2] NVIDIA A40 | 33°C,   0 % |     0 / 46068 MB |
[3] NVIDIA A40 | 32°C,   0 % |     0 / 46068 MB |
[4] NVIDIA A40 | 33°C,   0 % |     0 / 46068 MB |
[5] NVIDIA A40 | 33°C,   0 % |     0 / 46068 MB |
[6] NVIDIA A40 | 34°C,   0 % |     0 / 46068 MB |
[7] NVIDIA A40 | 34°C,   0 % |     0 / 46068 MB |

===== 2026-01-15 09:35:04 =====
hostname             Thu Jan 15 09:35:05 2026  560.35.05
[0] NVIDIA A40 | 39°C,   0 % |     0 / 46068 MB |
[1] NVIDIA A40 | 37°C,   0 % |     0 / 46068 MB |
[2] NVIDIA A40 | 33°C,   0 % |     0 / 46068 MB |
[3] NVIDIA A40 | 32°C,   0 % |     0 / 46068 MB |
[4] NVIDIA A40 | 33°C,   0 % |     0 / 46068 MB |
[5] NVIDIA A40 | 33°C,   0 % |     0 / 46068 MB |
[6] NVIDIA A40 | 34°C,   0 % |     0 / 46068 MB |
[7] NVIDIA A40 | 34°C,   0 % |     0 / 46068 MB |

===== 2026-01-15 09:35:06 =====
