===== 2026-01-26 05:22:44 =====
s8             Mon Jan 26 05:22:45 2026  560.35.05
[0] NVIDIA A40 | 33°C,   0 % |     0 / 46068 MB |
[1] NVIDIA A40 | 32°C,   0 % |     0 / 46068 MB |
[2] NVIDIA A40 | 32°C,   0 % |     0 / 46068 MB |
[3] NVIDIA A40 | 31°C,   0 % |     0 / 46068 MB |
[4] NVIDIA A40 | 32°C,   0 % |     0 / 46068 MB |
[5] NVIDIA A40 | 32°C,   0 % |     0 / 46068 MB |
[6] NVIDIA A40 | 33°C,   0 % |     0 / 46068 MB |
[7] NVIDIA A40 | 33°C,   0 % |     0 / 46068 MB |

===== 2026-01-26 05:22:46 =====
s8             Mon Jan 26 05:22:47 2026  560.35.05
[0] NVIDIA A40 | 33°C,   0 % |     0 / 46068 MB |
[1] NVIDIA A40 | 32°C,   0 % |     0 / 46068 MB |
[2] NVIDIA A40 | 32°C,   0 % |     0 / 46068 MB |
[3] NVIDIA A40 | 31°C,   0 % |     0 / 46068 MB |
[4] NVIDIA A40 | 32°C,   0 % |     0 / 46068 MB |
[5] NVIDIA A40 | 32°C,   0 % |     0 / 46068 MB |
[6] NVIDIA A40 | 33°C,   0 % |     0 / 46068 MB |
[7] NVIDIA A40 | 33°C,   0 % |     0 / 46068 MB |

===== 2026-01-26 05:22:48 =====
s8             Mon Jan 26 05:22:50 2026  560.35.05
[0] NVIDIA A40 | 33°C,   0 % |     0 / 46068 MB |
[1] NVIDIA A40 | 32°C,   1 % |     0 / 46068 MB |
[2] NVIDIA A40 | 32°C,   0 % |     0 / 46068 MB |
[3] NVIDIA A40 | 31°C,   0 % |     0 / 46068 MB |
[4] NVIDIA A40 | 32°C,   1 % |     0 / 46068 MB |
[5] NVIDIA A40 | 32°C,   0 % |     0 / 46068 MB |
[6] NVIDIA A40 | 33°C,   0 % |     0 / 46068 MB |
[7] NVIDIA A40 | 33°C,   0 % |     0 / 46068 MB |

===== 2026-01-26 05:22:51 =====
s8             Mon Jan 26 05:22:52 2026  560.35.05
[0] NVIDIA A40 | 33°C,   0 % |     3 / 46068 MB |
[1] NVIDIA A40 | 33°C,   0 % |     3 / 46068 MB |
[2] NVIDIA A40 | 33°C,   0 % |     3 / 46068 MB |
[3] NVIDIA A40 | 33°C,   0 % |     3 / 46068 MB |
[4] NVIDIA A40 | 32°C,   0 % |     3 / 46068 MB |
[5] NVIDIA A40 | 32°C,   0 % |     3 / 46068 MB |
[6] NVIDIA A40 | 33°C,   0 % |     3 / 46068 MB |
[7] NVIDIA A40 | 33°C,   0 % |     3 / 46068 MB |

===== 2026-01-26 05:22:53 =====
s8             Mon Jan 26 05:22:54 2026  560.35.05
[0] NVIDIA A40 | 33°C,   0 % |     3 / 46068 MB |
[1] NVIDIA A40 | 32°C,   0 % |     3 / 46068 MB |
[2] NVIDIA A40 | 33°C,   0 % |     3 / 46068 MB |
[3] NVIDIA A40 | 32°C,   0 % |     3 / 46068 MB |
[4] NVIDIA A40 | 32°C,   0 % |     3 / 46068 MB |
[5] NVIDIA A40 | 32°C,   0 % |     3 / 46068 MB |
[6] NVIDIA A40 | 33°C,   0 % |     3 / 46068 MB |
[7] NVIDIA A40 | 33°C,   0 % |     3 / 46068 MB |

===== 2026-01-26 05:22:55 =====
s8             Mon Jan 26 05:22:57 2026  560.35.05
[0] NVIDIA A40 | 33°C,   0 % |     3 / 46068 MB |
[1] NVIDIA A40 | 32°C,   0 % |     3 / 46068 MB |
[2] NVIDIA A40 | 32°C,   0 % |     3 / 46068 MB |
[3] NVIDIA A40 | 32°C,   0 % |     3 / 46068 MB |
[4] NVIDIA A40 | 32°C,   0 % |     3 / 46068 MB |
[5] NVIDIA A40 | 32°C,   0 % |     3 / 46068 MB |
[6] NVIDIA A40 | 33°C,   0 % |     3 / 46068 MB |
[7] NVIDIA A40 | 33°C,   0 % |     3 / 46068 MB |

===== 2026-01-26 05:22:58 =====
s8             Mon Jan 26 05:22:59 2026  560.35.05
[0] NVIDIA A40 | 33°C,   0 % |     3 / 46068 MB |
[1] NVIDIA A40 | 32°C,   0 % |     3 / 46068 MB |
[2] NVIDIA A40 | 32°C,   0 % |     3 / 46068 MB |
[3] NVIDIA A40 | 31°C,   0 % |     3 / 46068 MB |
[4] NVIDIA A40 | 32°C,   0 % |     3 / 46068 MB |
[5] NVIDIA A40 | 32°C,   0 % |     3 / 46068 MB |
[6] NVIDIA A40 | 33°C,   0 % |     3 / 46068 MB |
[7] NVIDIA A40 | 33°C,   0 % |     3 / 46068 MB |

===== 2026-01-26 05:23:00 =====
s8             Mon Jan 26 05:23:01 2026  560.35.05
[0] NVIDIA A40 | 33°C,   0 % |     3 / 46068 MB |
[1] NVIDIA A40 | 32°C,   0 % |     3 / 46068 MB |
[2] NVIDIA A40 | 32°C,   0 % |     3 / 46068 MB |
[3] NVIDIA A40 | 31°C,   0 % |     3 / 46068 MB |
[4] NVIDIA A40 | 32°C,   0 % |     3 / 46068 MB |
[5] NVIDIA A40 | 32°C,   0 % |     3 / 46068 MB |
[6] NVIDIA A40 | 33°C,   0 % |     3 / 46068 MB |
[7] NVIDIA A40 | 33°C,   0 % |     3 / 46068 MB |

===== 2026-01-26 05:23:02 =====
s8             Mon Jan 26 05:23:03 2026  560.35.05
[0] NVIDIA A40 | 35°C,   0 % |  1517 / 46068 MB | root(?M)
[1] NVIDIA A40 | 33°C,   0 % |     3 / 46068 MB |
[2] NVIDIA A40 | 33°C,   0 % |     3 / 46068 MB |
[3] NVIDIA A40 | 32°C,   0 % |     3 / 46068 MB |
[4] NVIDIA A40 | 32°C,   0 % |     3 / 46068 MB |
[5] NVIDIA A40 | 32°C,   0 % |     3 / 46068 MB |
[6] NVIDIA A40 | 33°C,   0 % |     3 / 46068 MB |
[7] NVIDIA A40 | 33°C,   0 % |     3 / 46068 MB |

===== 2026-01-26 05:23:04 =====
s8             Mon Jan 26 05:23:05 2026  560.35.05
[0] NVIDIA A40 | 36°C,   0 % |  1517 / 46068 MB | root(?M)
[1] NVIDIA A40 | 32°C,   0 % |     3 / 46068 MB |
[2] NVIDIA A40 | 32°C,   0 % |     3 / 46068 MB |
[3] NVIDIA A40 | 31°C,   0 % |     3 / 46068 MB |
[4] NVIDIA A40 | 32°C,   0 % |     3 / 46068 MB |
[5] NVIDIA A40 | 32°C,   0 % |     3 / 46068 MB |
[6] NVIDIA A40 | 33°C,   0 % |     3 / 46068 MB |
[7] NVIDIA A40 | 33°C,   0 % |     3 / 46068 MB |

===== 2026-01-26 05:23:06 =====
s8             Mon Jan 26 05:23:07 2026  560.35.05
[0] NVIDIA A40 | 36°C,   0 % |  1517 / 46068 MB | root(?M)
[1] NVIDIA A40 | 32°C,   0 % |     3 / 46068 MB |
[2] NVIDIA A40 | 32°C,   0 % |     3 / 46068 MB |
[3] NVIDIA A40 | 31°C,   0 % |     3 / 46068 MB |
[4] NVIDIA A40 | 32°C,   0 % |     3 / 46068 MB |
[5] NVIDIA A40 | 32°C,   0 % |     3 / 46068 MB |
[6] NVIDIA A40 | 33°C,   0 % |     3 / 46068 MB |
[7] NVIDIA A40 | 33°C,   0 % |     3 / 46068 MB |

===== 2026-01-26 05:23:08 =====
s8             Mon Jan 26 05:23:09 2026  560.35.05
[0] NVIDIA A40 | 36°C,   0 % |  1517 / 46068 MB | root(?M)
[1] NVIDIA A40 | 32°C,   0 % |     3 / 46068 MB |
[2] NVIDIA A40 | 32°C,   0 % |     3 / 46068 MB |
[3] NVIDIA A40 | 31°C,   0 % |     3 / 46068 MB |
[4] NVIDIA A40 | 32°C,   0 % |     3 / 46068 MB |
[5] NVIDIA A40 | 32°C,   0 % |     3 / 46068 MB |
[6] NVIDIA A40 | 33°C,   0 % |     3 / 46068 MB |
[7] NVIDIA A40 | 33°C,   0 % |     3 / 46068 MB |

===== 2026-01-26 05:23:10 =====
s8             Mon Jan 26 05:23:11 2026  560.35.05
[0] NVIDIA A40 | 37°C,   0 % |  1517 / 46068 MB | root(?M)
[1] NVIDIA A40 | 32°C,   0 % |     3 / 46068 MB |
[2] NVIDIA A40 | 32°C,   0 % |     3 / 46068 MB |
[3] NVIDIA A40 | 32°C,   0 % |     3 / 46068 MB |
[4] NVIDIA A40 | 32°C,   0 % |     3 / 46068 MB |
[5] NVIDIA A40 | 32°C,   0 % |     3 / 46068 MB |
[6] NVIDIA A40 | 33°C,   0 % |     3 / 46068 MB |
[7] NVIDIA A40 | 33°C,   0 % |     3 / 46068 MB |

===== 2026-01-26 05:23:12 =====
s8             Mon Jan 26 05:23:13 2026  560.35.05
[0] NVIDIA A40 | 37°C,   0 % |  1517 / 46068 MB | root(?M)
[1] NVIDIA A40 | 35°C,   0 % |   515 / 46068 MB | root(?M)
[2] NVIDIA A40 | 33°C,   0 % |     3 / 46068 MB |
[3] NVIDIA A40 | 32°C,   0 % |     3 / 46068 MB |
[4] NVIDIA A40 | 32°C,   0 % |     3 / 46068 MB |
[5] NVIDIA A40 | 32°C,   0 % |     3 / 46068 MB |
[6] NVIDIA A40 | 33°C,   0 % |     3 / 46068 MB |
[7] NVIDIA A40 | 33°C,   0 % |     3 / 46068 MB |

===== 2026-01-26 05:23:15 =====
s8             Mon Jan 26 05:23:16 2026  560.35.05
[0] NVIDIA A40 | 37°C,   0 % |  1517 / 46068 MB | root(?M)
[1] NVIDIA A40 | 35°C,   0 % |   515 / 46068 MB | root(?M)
[2] NVIDIA A40 | 32°C,   0 % |     3 / 46068 MB |
[3] NVIDIA A40 | 31°C,   0 % |     3 / 46068 MB |
[4] NVIDIA A40 | 32°C,   0 % |     3 / 46068 MB |
[5] NVIDIA A40 | 32°C,   0 % |     3 / 46068 MB |
[6] NVIDIA A40 | 33°C,   0 % |     3 / 46068 MB |
[7] NVIDIA A40 | 33°C,   0 % |     3 / 46068 MB |

===== 2026-01-26 05:23:17 =====
s8             Mon Jan 26 05:23:18 2026  560.35.05
[0] NVIDIA A40 | 37°C,   0 % |  1517 / 46068 MB | root(?M)
[1] NVIDIA A40 | 36°C,   0 % |   515 / 46068 MB | root(?M)
[2] NVIDIA A40 | 32°C,   0 % |     3 / 46068 MB |
[3] NVIDIA A40 | 31°C,   0 % |     3 / 46068 MB |
[4] NVIDIA A40 | 32°C,   0 % |     3 / 46068 MB |
[5] NVIDIA A40 | 32°C,   0 % |     3 / 46068 MB |
[6] NVIDIA A40 | 33°C,   0 % |     3 / 46068 MB |
[7] NVIDIA A40 | 33°C,   0 % |     3 / 46068 MB |

===== 2026-01-26 05:23:19 =====
s8             Mon Jan 26 05:23:20 2026  560.35.05
[0] NVIDIA A40 | 38°C,   0 % |  1517 / 46068 MB | root(?M)
[1] NVIDIA A40 | 36°C,   0 % |   515 / 46068 MB | root(?M)
[2] NVIDIA A40 | 32°C,   0 % |     3 / 46068 MB |
[3] NVIDIA A40 | 31°C,   0 % |     3 / 46068 MB |
[4] NVIDIA A40 | 32°C,   0 % |     3 / 46068 MB |
[5] NVIDIA A40 | 32°C,   0 % |     3 / 46068 MB |
[6] NVIDIA A40 | 33°C,   0 % |     3 / 46068 MB |
[7] NVIDIA A40 | 33°C,   0 % |     3 / 46068 MB |

===== 2026-01-26 05:23:21 =====
s8             Mon Jan 26 05:23:22 2026  560.35.05
[0] NVIDIA A40 | 38°C,   0 % |  1517 / 46068 MB | root(?M)
[1] NVIDIA A40 | 36°C,   0 % |   515 / 46068 MB | root(?M)
[2] NVIDIA A40 | 34°C,   0 % |   515 / 46068 MB | root(?M)
[3] NVIDIA A40 | 32°C,   0 % |     3 / 46068 MB |
[4] NVIDIA A40 | 32°C,   0 % |     3 / 46068 MB |
[5] NVIDIA A40 | 32°C,   0 % |     3 / 46068 MB |
[6] NVIDIA A40 | 33°C,   0 % |     3 / 46068 MB |
[7] NVIDIA A40 | 33°C,   0 % |     3 / 46068 MB |

===== 2026-01-26 05:23:23 =====
s8             Mon Jan 26 05:23:24 2026  560.35.05
[0] NVIDIA A40 | 38°C,   0 % |  1517 / 46068 MB | root(?M)
[1] NVIDIA A40 | 36°C,   0 % |   515 / 46068 MB | root(?M)
[2] NVIDIA A40 | 35°C,   0 % |   515 / 46068 MB | root(?M)
[3] NVIDIA A40 | 31°C,   0 % |     3 / 46068 MB |
[4] NVIDIA A40 | 32°C,   0 % |     3 / 46068 MB |
[5] NVIDIA A40 | 32°C,   0 % |     3 / 46068 MB |
[6] NVIDIA A40 | 33°C,   0 % |     3 / 46068 MB |
[7] NVIDIA A40 | 33°C,   0 % |     3 / 46068 MB |

===== 2026-01-26 05:23:25 =====
s8             Mon Jan 26 05:23:26 2026  560.35.05
[0] NVIDIA A40 | 38°C,   0 % |  1517 / 46068 MB | root(?M)
[1] NVIDIA A40 | 37°C,   0 % |   515 / 46068 MB | root(?M)
[2] NVIDIA A40 | 35°C,   0 % |   515 / 46068 MB | root(?M)
[3] NVIDIA A40 | 31°C,   0 % |     3 / 46068 MB |
[4] NVIDIA A40 | 32°C,   0 % |     3 / 46068 MB |
[5] NVIDIA A40 | 32°C,   0 % |     3 / 46068 MB |
[6] NVIDIA A40 | 33°C,   0 % |     3 / 46068 MB |
[7] NVIDIA A40 | 33°C,   0 % |     3 / 46068 MB |

===== 2026-01-26 05:23:27 =====
s8             Mon Jan 26 05:23:28 2026  560.35.05
[0] NVIDIA A40 | 38°C,   0 % |  1517 / 46068 MB | root(?M)
[1] NVIDIA A40 | 37°C,   0 % |   515 / 46068 MB | root(?M)
[2] NVIDIA A40 | 35°C,   0 % |   515 / 46068 MB | root(?M)
[3] NVIDIA A40 | 31°C,   0 % |     3 / 46068 MB |
[4] NVIDIA A40 | 32°C,   0 % |     3 / 46068 MB |
[5] NVIDIA A40 | 32°C,   0 % |     3 / 46068 MB |
[6] NVIDIA A40 | 33°C,   0 % |     3 / 46068 MB |
[7] NVIDIA A40 | 33°C,   0 % |     3 / 46068 MB |

===== 2026-01-26 05:23:29 =====
s8             Mon Jan 26 05:23:30 2026  560.35.05
[0] NVIDIA A40 | 38°C,   0 % |  1517 / 46068 MB | root(?M)
[1] NVIDIA A40 | 37°C,   0 % |   515 / 46068 MB | root(?M)
[2] NVIDIA A40 | 36°C,   0 % |   515 / 46068 MB | root(?M)
[3] NVIDIA A40 | 33°C,   0 % |   269 / 46068 MB | root(?M)
[4] NVIDIA A40 | 32°C,   0 % |     3 / 46068 MB |
[5] NVIDIA A40 | 32°C,   0 % |     3 / 46068 MB |
[6] NVIDIA A40 | 33°C,   0 % |     3 / 46068 MB |
[7] NVIDIA A40 | 33°C,   0 % |     3 / 46068 MB |

===== 2026-01-26 05:23:31 =====
s8             Mon Jan 26 05:23:32 2026  560.35.05
[0] NVIDIA A40 | 39°C,   0 % |  1517 / 46068 MB | root(?M)
[1] NVIDIA A40 | 37°C,   0 % |   515 / 46068 MB | root(?M)
[2] NVIDIA A40 | 36°C,   0 % |   515 / 46068 MB | root(?M)
[3] NVIDIA A40 | 34°C,   0 % |   515 / 46068 MB | root(?M)
[4] NVIDIA A40 | 32°C,   0 % |     3 / 46068 MB |
[5] NVIDIA A40 | 32°C,   0 % |     3 / 46068 MB |
[6] NVIDIA A40 | 33°C,   0 % |     3 / 46068 MB |
[7] NVIDIA A40 | 33°C,   0 % |     3 / 46068 MB |

===== 2026-01-26 05:23:33 =====
s8             Mon Jan 26 05:23:34 2026  560.35.05
[0] NVIDIA A40 | 39°C,   0 % |  1517 / 46068 MB | root(?M)
[1] NVIDIA A40 | 37°C,   0 % |   515 / 46068 MB | root(?M)
[2] NVIDIA A40 | 36°C,   0 % |   515 / 46068 MB | root(?M)
[3] NVIDIA A40 | 34°C,   0 % |   515 / 46068 MB | root(?M)
[4] NVIDIA A40 | 32°C,   0 % |     3 / 46068 MB |
[5] NVIDIA A40 | 32°C,   0 % |     3 / 46068 MB |
[6] NVIDIA A40 | 33°C,   0 % |     3 / 46068 MB |
[7] NVIDIA A40 | 33°C,   0 % |     3 / 46068 MB |

===== 2026-01-26 05:23:35 =====
s8             Mon Jan 26 05:23:36 2026  560.35.05
[0] NVIDIA A40 | 39°C,   0 % |  1517 / 46068 MB | root(?M)
[1] NVIDIA A40 | 38°C,   0 % |   515 / 46068 MB | root(?M)
[2] NVIDIA A40 | 36°C,   0 % |   515 / 46068 MB | root(?M)
[3] NVIDIA A40 | 34°C,   0 % |   515 / 46068 MB | root(?M)
[4] NVIDIA A40 | 32°C,   0 % |     3 / 46068 MB |
[5] NVIDIA A40 | 32°C,   0 % |     3 / 46068 MB |
[6] NVIDIA A40 | 33°C,   0 % |     3 / 46068 MB |
[7] NVIDIA A40 | 33°C,   0 % |     3 / 46068 MB |

===== 2026-01-26 05:23:38 =====
s8             Mon Jan 26 05:23:39 2026  560.35.05
[0] NVIDIA A40 | 39°C,   0 % |  1517 / 46068 MB | root(?M)
[1] NVIDIA A40 | 38°C,   0 % |   515 / 46068 MB | root(?M)
[2] NVIDIA A40 | 37°C,   0 % |   515 / 46068 MB | root(?M)
[3] NVIDIA A40 | 34°C,   0 % |   515 / 46068 MB | root(?M)
[4] NVIDIA A40 | 32°C,   0 % |     3 / 46068 MB |
[5] NVIDIA A40 | 32°C,   0 % |     3 / 46068 MB |
[6] NVIDIA A40 | 33°C,   0 % |     3 / 46068 MB |
[7] NVIDIA A40 | 33°C,   0 % |     3 / 46068 MB |

===== 2026-01-26 05:23:40 =====
s8             Mon Jan 26 05:23:41 2026  560.35.05
[0] NVIDIA A40 | 39°C,   0 % |  1517 / 46068 MB | root(?M)
[1] NVIDIA A40 | 38°C,   0 % |   515 / 46068 MB | root(?M)
[2] NVIDIA A40 | 37°C,   0 % |   515 / 46068 MB | root(?M)
[3] NVIDIA A40 | 35°C,   0 % |   515 / 46068 MB | root(?M)
[4] NVIDIA A40 | 34°C,   0 % |   515 / 46068 MB | root(?M)
[5] NVIDIA A40 | 32°C,   0 % |     3 / 46068 MB |
[6] NVIDIA A40 | 33°C,   0 % |     3 / 46068 MB |
[7] NVIDIA A40 | 33°C,   0 % |     3 / 46068 MB |

===== 2026-01-26 05:23:42 =====
s8             Mon Jan 26 05:23:43 2026  560.35.05
[0] NVIDIA A40 | 39°C,   0 % |  1517 / 46068 MB | root(?M)
[1] NVIDIA A40 | 38°C,   0 % |   515 / 46068 MB | root(?M)
[2] NVIDIA A40 | 37°C,   0 % |   515 / 46068 MB | root(?M)
[3] NVIDIA A40 | 35°C,   0 % |   515 / 46068 MB | root(?M)
[4] NVIDIA A40 | 34°C,   0 % |   515 / 46068 MB | root(?M)
[5] NVIDIA A40 | 32°C,   0 % |     3 / 46068 MB |
[6] NVIDIA A40 | 33°C,   0 % |     3 / 46068 MB |
[7] NVIDIA A40 | 33°C,   0 % |     3 / 46068 MB |

===== 2026-01-26 05:23:44 =====
s8             Mon Jan 26 05:23:45 2026  560.35.05
[0] NVIDIA A40 | 39°C,   0 % |  1517 / 46068 MB | root(?M)
[1] NVIDIA A40 | 38°C,   0 % |   515 / 46068 MB | root(?M)
[2] NVIDIA A40 | 37°C,   0 % |   515 / 46068 MB | root(?M)
[3] NVIDIA A40 | 35°C,   0 % |   515 / 46068 MB | root(?M)
[4] NVIDIA A40 | 35°C,   0 % |   515 / 46068 MB | root(?M)
[5] NVIDIA A40 | 32°C,   0 % |     3 / 46068 MB |
[6] NVIDIA A40 | 33°C,   0 % |     3 / 46068 MB |
[7] NVIDIA A40 | 33°C,   0 % |     3 / 46068 MB |

===== 2026-01-26 05:23:46 =====
s8             Mon Jan 26 05:23:47 2026  560.35.05
[0] NVIDIA A40 | 40°C,   0 % |  1517 / 46068 MB | root(?M)
[1] NVIDIA A40 | 39°C,   0 % |   515 / 46068 MB | root(?M)
[2] NVIDIA A40 | 37°C,   0 % |   515 / 46068 MB | root(?M)
[3] NVIDIA A40 | 35°C,   0 % |   515 / 46068 MB | root(?M)
[4] NVIDIA A40 | 35°C,   0 % |   515 / 46068 MB | root(?M)
[5] NVIDIA A40 | 32°C,   0 % |     3 / 46068 MB |
[6] NVIDIA A40 | 33°C,   0 % |     3 / 46068 MB |
[7] NVIDIA A40 | 33°C,   0 % |     3 / 46068 MB |

===== 2026-01-26 05:23:48 =====
s8             Mon Jan 26 05:23:49 2026  560.35.05
[0] NVIDIA A40 | 40°C,   0 % |  1517 / 46068 MB | root(?M)
[1] NVIDIA A40 | 39°C,   0 % |   515 / 46068 MB | root(?M)
[2] NVIDIA A40 | 38°C,   0 % |   515 / 46068 MB | root(?M)
[3] NVIDIA A40 | 35°C,   0 % |   515 / 46068 MB | root(?M)
[4] NVIDIA A40 | 35°C,   0 % |   515 / 46068 MB | root(?M)
[5] NVIDIA A40 | 33°C,   0 % |   269 / 46068 MB | root(?M)
[6] NVIDIA A40 | 33°C,   0 % |     3 / 46068 MB |
[7] NVIDIA A40 | 33°C,   0 % |     3 / 46068 MB |

===== 2026-01-26 05:23:50 =====
s8             Mon Jan 26 05:23:51 2026  560.35.05
[0] NVIDIA A40 | 40°C,   0 % |  1517 / 46068 MB | root(?M)
[1] NVIDIA A40 | 39°C,   0 % |   515 / 46068 MB | root(?M)
[2] NVIDIA A40 | 38°C,   0 % |   515 / 46068 MB | root(?M)
[3] NVIDIA A40 | 36°C,   0 % |   515 / 46068 MB | root(?M)
[4] NVIDIA A40 | 36°C,   0 % |   515 / 46068 MB | root(?M)
[5] NVIDIA A40 | 35°C,   0 % |   515 / 46068 MB | root(?M)
[6] NVIDIA A40 | 33°C,   0 % |     3 / 46068 MB |
[7] NVIDIA A40 | 33°C,   0 % |     3 / 46068 MB |

===== 2026-01-26 05:23:52 =====
s8             Mon Jan 26 05:23:53 2026  560.35.05
[0] NVIDIA A40 | 40°C,   0 % |  1517 / 46068 MB | root(?M)
[1] NVIDIA A40 | 39°C,   0 % |   515 / 46068 MB | root(?M)
[2] NVIDIA A40 | 38°C,   0 % |   515 / 46068 MB | root(?M)
[3] NVIDIA A40 | 36°C,   0 % |   515 / 46068 MB | root(?M)
[4] NVIDIA A40 | 36°C,   0 % |   515 / 46068 MB | root(?M)
[5] NVIDIA A40 | 35°C,   0 % |   515 / 46068 MB | root(?M)
[6] NVIDIA A40 | 33°C,   0 % |     3 / 46068 MB |
[7] NVIDIA A40 | 33°C,   0 % |     3 / 46068 MB |

===== 2026-01-26 05:23:54 =====
s8             Mon Jan 26 05:23:55 2026  560.35.05
[0] NVIDIA A40 | 40°C,   0 % |  1517 / 46068 MB | root(?M)
[1] NVIDIA A40 | 39°C,   0 % |   515 / 46068 MB | root(?M)
[2] NVIDIA A40 | 38°C,   0 % |   515 / 46068 MB | root(?M)
[3] NVIDIA A40 | 36°C,   0 % |   515 / 46068 MB | root(?M)
[4] NVIDIA A40 | 36°C,   0 % |   515 / 46068 MB | root(?M)
[5] NVIDIA A40 | 35°C,   0 % |   515 / 46068 MB | root(?M)
[6] NVIDIA A40 | 33°C,   0 % |     3 / 46068 MB |
[7] NVIDIA A40 | 33°C,   0 % |     3 / 46068 MB |

===== 2026-01-26 05:23:56 =====
s8             Mon Jan 26 05:23:57 2026  560.35.05
[0] NVIDIA A40 | 40°C,   0 % |  1517 / 46068 MB | root(?M)
[1] NVIDIA A40 | 40°C,   0 % |   515 / 46068 MB | root(?M)
[2] NVIDIA A40 | 38°C,   0 % |   515 / 46068 MB | root(?M)
[3] NVIDIA A40 | 36°C,   0 % |   515 / 46068 MB | root(?M)
[4] NVIDIA A40 | 36°C,   0 % |   515 / 46068 MB | root(?M)
[5] NVIDIA A40 | 35°C,   0 % |   515 / 46068 MB | root(?M)
[6] NVIDIA A40 | 33°C,   0 % |     3 / 46068 MB |
[7] NVIDIA A40 | 33°C,   0 % |     3 / 46068 MB |

===== 2026-01-26 05:23:58 =====
s8             Mon Jan 26 05:23:59 2026  560.35.05
[0] NVIDIA A40 | 40°C,   0 % |  1517 / 46068 MB | root(?M)
[1] NVIDIA A40 | 40°C,   0 % |   515 / 46068 MB | root(?M)
[2] NVIDIA A40 | 38°C,   0 % |   515 / 46068 MB | root(?M)
[3] NVIDIA A40 | 36°C,   0 % |   515 / 46068 MB | root(?M)
[4] NVIDIA A40 | 36°C,   0 % |   515 / 46068 MB | root(?M)
[5] NVIDIA A40 | 36°C,   0 % |   515 / 46068 MB | root(?M)
[6] NVIDIA A40 | 35°C,   0 % |   515 / 46068 MB | root(?M)
[7] NVIDIA A40 | 33°C,   0 % |     3 / 46068 MB |

===== 2026-01-26 05:24:00 =====
s8             Mon Jan 26 05:24:01 2026  560.35.05
[0] NVIDIA A40 | 40°C,   0 % |  1517 / 46068 MB | root(?M)
[1] NVIDIA A40 | 40°C,   0 % |   515 / 46068 MB | root(?M)
[2] NVIDIA A40 | 39°C,   0 % |   515 / 46068 MB | root(?M)
[3] NVIDIA A40 | 36°C,   0 % |   515 / 46068 MB | root(?M)
[4] NVIDIA A40 | 37°C,   0 % |   515 / 46068 MB | root(?M)
[5] NVIDIA A40 | 36°C,   0 % |   515 / 46068 MB | root(?M)
[6] NVIDIA A40 | 35°C,   0 % |   515 / 46068 MB | root(?M)
[7] NVIDIA A40 | 33°C,   0 % |     3 / 46068 MB |

===== 2026-01-26 05:24:02 =====
s8             Mon Jan 26 05:24:03 2026  560.35.05
[0] NVIDIA A40 | 41°C,   0 % |  1517 / 46068 MB | root(?M)
[1] NVIDIA A40 | 40°C,   0 % |   515 / 46068 MB | root(?M)
[2] NVIDIA A40 | 39°C,   0 % |   515 / 46068 MB | root(?M)
[3] NVIDIA A40 | 37°C,   0 % |   515 / 46068 MB | root(?M)
[4] NVIDIA A40 | 37°C,   0 % |   515 / 46068 MB | root(?M)
[5] NVIDIA A40 | 36°C,   0 % |   515 / 46068 MB | root(?M)
[6] NVIDIA A40 | 36°C,   0 % |   515 / 46068 MB | root(?M)
[7] NVIDIA A40 | 33°C,   0 % |     3 / 46068 MB |

===== 2026-01-26 05:24:04 =====
s8             Mon Jan 26 05:24:05 2026  560.35.05
[0] NVIDIA A40 | 41°C,   0 % |  1517 / 46068 MB | root(?M)
[1] NVIDIA A40 | 40°C,   0 % |   515 / 46068 MB | root(?M)
[2] NVIDIA A40 | 39°C,   0 % |   515 / 46068 MB | root(?M)
[3] NVIDIA A40 | 37°C,   0 % |   515 / 46068 MB | root(?M)
[4] NVIDIA A40 | 37°C,   0 % |   515 / 46068 MB | root(?M)
[5] NVIDIA A40 | 36°C,   0 % |   515 / 46068 MB | root(?M)
[6] NVIDIA A40 | 36°C,   0 % |   515 / 46068 MB | root(?M)
[7] NVIDIA A40 | 33°C,   0 % |     3 / 46068 MB |

===== 2026-01-26 05:24:06 =====
s8             Mon Jan 26 05:24:08 2026  560.35.05
[0] NVIDIA A40 | 41°C,   0 % |  1517 / 46068 MB | root(?M)
[1] NVIDIA A40 | 40°C,   0 % |   515 / 46068 MB | root(?M)
[2] NVIDIA A40 | 39°C,   0 % |   515 / 46068 MB | root(?M)
[3] NVIDIA A40 | 37°C,   0 % |   515 / 46068 MB | root(?M)
[4] NVIDIA A40 | 37°C,   0 % |   515 / 46068 MB | root(?M)
[5] NVIDIA A40 | 36°C,   0 % |   515 / 46068 MB | root(?M)
[6] NVIDIA A40 | 36°C,   0 % |   515 / 46068 MB | root(?M)
[7] NVIDIA A40 | 34°C,   2 % |   269 / 46068 MB | root(?M)

===== 2026-01-26 05:24:09 =====
s8             Mon Jan 26 05:24:10 2026  560.35.05
[0] NVIDIA A40 | 41°C,   5 % |  1755 / 46068 MB | root(?M)
[1] NVIDIA A40 | 40°C,   0 % |   515 / 46068 MB | root(?M)
[2] NVIDIA A40 | 39°C,   0 % |   515 / 46068 MB | root(?M)
[3] NVIDIA A40 | 37°C,   0 % |   515 / 46068 MB | root(?M)
[4] NVIDIA A40 | 37°C,   0 % |   515 / 46068 MB | root(?M)
[5] NVIDIA A40 | 37°C,   0 % |   515 / 46068 MB | root(?M)
[6] NVIDIA A40 | 36°C,   0 % |   515 / 46068 MB | root(?M)
[7] NVIDIA A40 | 35°C,   0 % |  1761 / 46068 MB | root(?M)

===== 2026-01-26 05:24:11 =====
s8             Mon Jan 26 05:24:12 2026  560.35.05
[0] NVIDIA A40 | 42°C,  98 % |  1985 / 46068 MB | root(?M)
[1] NVIDIA A40 | 42°C, 100 % |  1059 / 46068 MB | root(?M)
[2] NVIDIA A40 | 40°C, 100 % |  1015 / 46068 MB | root(?M)
[3] NVIDIA A40 | 38°C,  99 % |   991 / 46068 MB | root(?M)
[4] NVIDIA A40 | 38°C,   0 % |   937 / 46068 MB | root(?M)
[5] NVIDIA A40 | 37°C,   4 % |   891 / 46068 MB | root(?M)
[6] NVIDIA A40 | 37°C,   1 % |   609 / 46068 MB | root(?M)
[7] NVIDIA A40 | 35°C,   0 % |  1761 / 46068 MB | root(?M)

===== 2026-01-26 05:24:13 =====
s8             Mon Jan 26 05:24:14 2026  560.35.05
[0] NVIDIA A40 | 43°C,  38 % |  6185 / 46068 MB | root(?M)
[1] NVIDIA A40 | 42°C,  57 % |  1335 / 46068 MB | root(?M)
[2] NVIDIA A40 | 40°C,  64 % |  1321 / 46068 MB | root(?M)
[3] NVIDIA A40 | 38°C,  40 % |  1139 / 46068 MB | root(?M)
[4] NVIDIA A40 | 39°C,  51 % |  1183 / 46068 MB | root(?M)
[5] NVIDIA A40 | 39°C,  55 % |  1229 / 46068 MB | root(?M)
[6] NVIDIA A40 | 38°C,  67 % |  1183 / 46068 MB | root(?M)
[7] NVIDIA A40 | 40°C,  33 % |  6899 / 46068 MB | root(?M)

===== 2026-01-26 05:24:15 =====
s8             Mon Jan 26 05:24:16 2026  560.35.05
[0] NVIDIA A40 | 44°C,  47 % |  7037 / 46068 MB | root(?M)
[1] NVIDIA A40 | 43°C,  45 % |  1235 / 46068 MB | root(?M)
[2] NVIDIA A40 | 41°C,  63 % |  1277 / 46068 MB | root(?M)
[3] NVIDIA A40 | 39°C,  46 % |  1217 / 46068 MB | root(?M)
[4] NVIDIA A40 | 39°C,  51 % |  1151 / 46068 MB | root(?M)
[5] NVIDIA A40 | 39°C,  60 % |  1253 / 46068 MB | root(?M)
[6] NVIDIA A40 | 39°C,  64 % |  1251 / 46068 MB | root(?M)
[7] NVIDIA A40 | 41°C,  34 % |  5689 / 46068 MB | root(?M)

===== 2026-01-26 05:24:17 =====
s8             Mon Jan 26 05:24:18 2026  560.35.05
[0] NVIDIA A40 | 43°C,   0 % |  7039 / 46068 MB | root(?M)
[1] NVIDIA A40 | 42°C,   0 % |  1177 / 46068 MB | root(?M)
[2] NVIDIA A40 | 40°C,   0 % |  1179 / 46068 MB | root(?M)
[3] NVIDIA A40 | 38°C,   0 % |  1197 / 46068 MB | root(?M)
[4] NVIDIA A40 | 39°C,   0 % |  1211 / 46068 MB | root(?M)
[5] NVIDIA A40 | 38°C,   0 % |  1269 / 46068 MB | root(?M)
[6] NVIDIA A40 | 38°C,   0 % |  1271 / 46068 MB | root(?M)
[7] NVIDIA A40 | 38°C,   0 % |  6955 / 46068 MB | root(?M)

===== 2026-01-26 05:24:19 =====
s8             Mon Jan 26 05:24:21 2026  560.35.05
[0] NVIDIA A40 | 42°C,   0 % |  7013 / 46068 MB | root(?M) root(?M) root(?M)
[1] NVIDIA A40 | 42°C,   2 % |  1408 / 46068 MB | root(?M) root(?M)
[2] NVIDIA A40 | 40°C,   2 % |  1386 / 46068 MB | root(?M) root(?M)
[3] NVIDIA A40 | 38°C,   0 % |  1384 / 46068 MB | root(?M) root(?M)
[4] NVIDIA A40 | 38°C,   0 % |  1340 / 46068 MB | root(?M) root(?M)
[5] NVIDIA A40 | 38°C,   3 % |  1196 / 46068 MB | root(?M) root(?M)
[6] NVIDIA A40 | 38°C,   1 % |  1198 / 46068 MB | root(?M) root(?M)
[7] NVIDIA A40 | 38°C,   1 % |  6681 / 46068 MB | root(?M)

===== 2026-01-26 05:24:22 =====
s8             Mon Jan 26 05:24:23 2026  560.35.05
[0] NVIDIA A40 | 42°C,   0 % |   265 / 46068 MB | root(?M)
[1] NVIDIA A40 | 42°C,   3 % |     0 / 46068 MB |
[2] NVIDIA A40 | 40°C,  12 % |     0 / 46068 MB |
[3] NVIDIA A40 | 38°C,   0 % |     0 / 46068 MB |
[4] NVIDIA A40 | 39°C,   0 % |     0 / 46068 MB |
[5] NVIDIA A40 | 38°C,   0 % |     0 / 46068 MB |
[6] NVIDIA A40 | 38°C,   0 % |     0 / 46068 MB |
[7] NVIDIA A40 | 38°C,   0 % |     0 / 46068 MB |

===== 2026-01-26 05:24:24 =====
s8             Mon Jan 26 05:24:25 2026  560.35.05
[0] NVIDIA A40 | 41°C,   0 % |     0 / 46068 MB |
[1] NVIDIA A40 | 40°C,   0 % |     0 / 46068 MB |
[2] NVIDIA A40 | 39°C,   0 % |     0 / 46068 MB |
[3] NVIDIA A40 | 37°C,   0 % |     0 / 46068 MB |
[4] NVIDIA A40 | 37°C,   0 % |     0 / 46068 MB |
[5] NVIDIA A40 | 37°C,   0 % |     0 / 46068 MB |
[6] NVIDIA A40 | 37°C,   0 % |     0 / 46068 MB |
[7] NVIDIA A40 | 38°C,   0 % |     0 / 46068 MB |

===== 2026-01-26 05:24:26 =====
s8             Mon Jan 26 05:24:27 2026  560.35.05
[0] NVIDIA A40 | 41°C,   0 % |     0 / 46068 MB |
[1] NVIDIA A40 | 40°C,   0 % |     0 / 46068 MB |
[2] NVIDIA A40 | 39°C,   0 % |     0 / 46068 MB |
[3] NVIDIA A40 | 37°C,   0 % |     0 / 46068 MB |
[4] NVIDIA A40 | 37°C,   0 % |     0 / 46068 MB |
[5] NVIDIA A40 | 37°C,   0 % |     0 / 46068 MB |
[6] NVIDIA A40 | 37°C,   0 % |     0 / 46068 MB |
[7] NVIDIA A40 | 37°C,   0 % |     0 / 46068 MB |

===== 2026-01-26 05:24:28 =====
s8             Mon Jan 26 05:24:29 2026  560.35.05
[0] NVIDIA A40 | 40°C,   0 % |     0 / 46068 MB |
[1] NVIDIA A40 | 39°C,   0 % |     0 / 46068 MB |
[2] NVIDIA A40 | 37°C,   0 % |     0 / 46068 MB |
[3] NVIDIA A40 | 35°C,   0 % |     0 / 46068 MB |
[4] NVIDIA A40 | 36°C,   0 % |     0 / 46068 MB |
[5] NVIDIA A40 | 35°C,   0 % |     0 / 46068 MB |
[6] NVIDIA A40 | 35°C,   0 % |     0 / 46068 MB |
[7] NVIDIA A40 | 37°C,   0 % |     0 / 46068 MB |

===== 2026-01-26 05:24:30 =====
