===== 2026-01-26 05:22:44 =====
               total        used        free      shared  buff/cache   available
Mem:           503Gi       9.2Gi        55Gi       139Mi       438Gi       491Gi
Swap:          8.0Gi       585Mi       7.4Gi

===== 2026-01-26 05:22:45 =====
               total        used        free      shared  buff/cache   available
Mem:           503Gi       9.4Gi        55Gi       139Mi       438Gi       490Gi
Swap:          8.0Gi       585Mi       7.4Gi

===== 2026-01-26 05:22:46 =====
               total        used        free      shared  buff/cache   available
Mem:           503Gi        10Gi        53Gi       139Mi       438Gi       489Gi
Swap:          8.0Gi       585Mi       7.4Gi

===== 2026-01-26 05:22:47 =====
               total        used        free      shared  buff/cache   available
Mem:           503Gi        11Gi        53Gi       139Mi       438Gi       488Gi
Swap:          8.0Gi       585Mi       7.4Gi

===== 2026-01-26 05:22:48 =====
               total        used        free      shared  buff/cache   available
Mem:           503Gi        12Gi        52Gi       139Mi       438Gi       488Gi
Swap:          8.0Gi       585Mi       7.4Gi

===== 2026-01-26 05:22:49 =====
               total        used        free      shared  buff/cache   available
Mem:           503Gi        12Gi        52Gi       139Mi       438Gi       488Gi
Swap:          8.0Gi       585Mi       7.4Gi

===== 2026-01-26 05:22:50 =====
               total        used        free      shared  buff/cache   available
Mem:           503Gi        12Gi        52Gi       139Mi       438Gi       487Gi
Swap:          8.0Gi       585Mi       7.4Gi

===== 2026-01-26 05:22:51 =====
               total        used        free      shared  buff/cache   available
Mem:           503Gi        12Gi        52Gi       139Mi       438Gi       487Gi
Swap:          8.0Gi       585Mi       7.4Gi

===== 2026-01-26 05:22:52 =====
               total        used        free      shared  buff/cache   available
Mem:           503Gi        14Gi        50Gi       139Mi       438Gi       486Gi
Swap:          8.0Gi       585Mi       7.4Gi

===== 2026-01-26 05:22:53 =====
               total        used        free      shared  buff/cache   available
Mem:           503Gi        14Gi        50Gi       139Mi       438Gi       485Gi
Swap:          8.0Gi       585Mi       7.4Gi

===== 2026-01-26 05:22:54 =====
               total        used        free      shared  buff/cache   available
Mem:           503Gi        15Gi        49Gi       139Mi       438Gi       484Gi
Swap:          8.0Gi       585Mi       7.4Gi

===== 2026-01-26 05:22:55 =====
               total        used        free      shared  buff/cache   available
Mem:           503Gi        16Gi        48Gi       139Mi       438Gi       484Gi
Swap:          8.0Gi       585Mi       7.4Gi

===== 2026-01-26 05:22:56 =====
               total        used        free      shared  buff/cache   available
Mem:           503Gi        16Gi        48Gi       139Mi       438Gi       484Gi
Swap:          8.0Gi       585Mi       7.4Gi

===== 2026-01-26 05:22:57 =====
               total        used        free      shared  buff/cache   available
Mem:           503Gi        16Gi        48Gi       139Mi       438Gi       484Gi
Swap:          8.0Gi       585Mi       7.4Gi

===== 2026-01-26 05:22:58 =====
               total        used        free      shared  buff/cache   available
Mem:           503Gi        16Gi        48Gi       139Mi       438Gi       484Gi
Swap:          8.0Gi       585Mi       7.4Gi

===== 2026-01-26 05:22:59 =====
               total        used        free      shared  buff/cache   available
Mem:           503Gi        16Gi        47Gi       139Mi       438Gi       483Gi
Swap:          8.0Gi       585Mi       7.4Gi

===== 2026-01-26 05:23:00 =====
               total        used        free      shared  buff/cache   available
Mem:           503Gi        17Gi        47Gi       139Mi       438Gi       483Gi
Swap:          8.0Gi       585Mi       7.4Gi

===== 2026-01-26 05:23:01 =====
               total        used        free      shared  buff/cache   available
Mem:           503Gi        17Gi        47Gi       145Mi       438Gi       483Gi
Swap:          8.0Gi       585Mi       7.4Gi

===== 2026-01-26 05:23:02 =====
               total        used        free      shared  buff/cache   available
Mem:           503Gi        14Gi        50Gi       147Mi       438Gi       486Gi
Swap:          8.0Gi       585Mi       7.4Gi

===== 2026-01-26 05:23:03 =====
               total        used        free      shared  buff/cache   available
Mem:           503Gi        14Gi        49Gi       147Mi       438Gi       485Gi
Swap:          8.0Gi       585Mi       7.4Gi

===== 2026-01-26 05:23:04 =====
               total        used        free      shared  buff/cache   available
Mem:           503Gi        15Gi        49Gi       147Mi       438Gi       484Gi
Swap:          8.0Gi       585Mi       7.4Gi

===== 2026-01-26 05:23:05 =====
               total        used        free      shared  buff/cache   available
Mem:           503Gi        16Gi        48Gi       147Mi       438Gi       483Gi
Swap:          8.0Gi       585Mi       7.4Gi

===== 2026-01-26 05:23:06 =====
               total        used        free      shared  buff/cache   available
Mem:           503Gi        16Gi        48Gi       147Mi       438Gi       483Gi
Swap:          8.0Gi       585Mi       7.4Gi

===== 2026-01-26 05:23:07 =====
               total        used        free      shared  buff/cache   available
Mem:           503Gi        16Gi        48Gi       147Mi       438Gi       483Gi
Swap:          8.0Gi       585Mi       7.4Gi

===== 2026-01-26 05:23:08 =====
               total        used        free      shared  buff/cache   available
Mem:           503Gi        16Gi        48Gi       147Mi       438Gi       483Gi
Swap:          8.0Gi       585Mi       7.4Gi

===== 2026-01-26 05:23:09 =====
               total        used        free      shared  buff/cache   available
Mem:           503Gi        17Gi        47Gi       147Mi       438Gi       482Gi
Swap:          8.0Gi       585Mi       7.4Gi

===== 2026-01-26 05:23:10 =====
               total        used        free      shared  buff/cache   available
Mem:           503Gi        17Gi        47Gi       147Mi       438Gi       482Gi
Swap:          8.0Gi       585Mi       7.4Gi

===== 2026-01-26 05:23:11 =====
               total        used        free      shared  buff/cache   available
Mem:           503Gi        14Gi        50Gi       155Mi       438Gi       486Gi
Swap:          8.0Gi       585Mi       7.4Gi

===== 2026-01-26 05:23:12 =====
               total        used        free      shared  buff/cache   available
Mem:           503Gi        15Gi        49Gi       155Mi       438Gi       485Gi
Swap:          8.0Gi       585Mi       7.4Gi

===== 2026-01-26 05:23:13 =====
               total        used        free      shared  buff/cache   available
Mem:           503Gi        15Gi        49Gi       155Mi       438Gi       484Gi
Swap:          8.0Gi       585Mi       7.4Gi

===== 2026-01-26 05:23:14 =====
               total        used        free      shared  buff/cache   available
Mem:           503Gi        16Gi        48Gi       155Mi       438Gi       483Gi
Swap:          8.0Gi       585Mi       7.4Gi

===== 2026-01-26 05:23:15 =====
               total        used        free      shared  buff/cache   available
Mem:           503Gi        16Gi        47Gi       155Mi       438Gi       483Gi
Swap:          8.0Gi       585Mi       7.4Gi

===== 2026-01-26 05:23:16 =====
               total        used        free      shared  buff/cache   available
Mem:           503Gi        16Gi        47Gi       155Mi       438Gi       483Gi
Swap:          8.0Gi       585Mi       7.4Gi

===== 2026-01-26 05:23:17 =====
               total        used        free      shared  buff/cache   available
Mem:           503Gi        16Gi        47Gi       155Mi       438Gi       483Gi
Swap:          8.0Gi       585Mi       7.4Gi

===== 2026-01-26 05:23:18 =====
               total        used        free      shared  buff/cache   available
Mem:           503Gi        17Gi        47Gi       155Mi       438Gi       482Gi
Swap:          8.0Gi       585Mi       7.4Gi

===== 2026-01-26 05:23:19 =====
               total        used        free      shared  buff/cache   available
Mem:           503Gi        17Gi        46Gi       155Mi       438Gi       482Gi
Swap:          8.0Gi       585Mi       7.4Gi

===== 2026-01-26 05:23:20 =====
               total        used        free      shared  buff/cache   available
Mem:           503Gi        17Gi        46Gi       163Mi       438Gi       482Gi
Swap:          8.0Gi       585Mi       7.4Gi

===== 2026-01-26 05:23:21 =====
               total        used        free      shared  buff/cache   available
Mem:           503Gi        15Gi        49Gi       163Mi       438Gi       485Gi
Swap:          8.0Gi       585Mi       7.4Gi

===== 2026-01-26 05:23:22 =====
               total        used        free      shared  buff/cache   available
Mem:           503Gi        15Gi        48Gi       163Mi       438Gi       484Gi
Swap:          8.0Gi       585Mi       7.4Gi

===== 2026-01-26 05:23:23 =====
               total        used        free      shared  buff/cache   available
Mem:           503Gi        16Gi        48Gi       163Mi       438Gi       483Gi
Swap:          8.0Gi       585Mi       7.4Gi

===== 2026-01-26 05:23:24 =====
               total        used        free      shared  buff/cache   available
Mem:           503Gi        17Gi        47Gi       163Mi       438Gi       483Gi
Swap:          8.0Gi       585Mi       7.4Gi

===== 2026-01-26 05:23:25 =====
               total        used        free      shared  buff/cache   available
Mem:           503Gi        17Gi        47Gi       163Mi       438Gi       483Gi
Swap:          8.0Gi       585Mi       7.4Gi

===== 2026-01-26 05:23:26 =====
               total        used        free      shared  buff/cache   available
Mem:           503Gi        17Gi        47Gi       163Mi       438Gi       483Gi
Swap:          8.0Gi       585Mi       7.4Gi

===== 2026-01-26 05:23:27 =====
               total        used        free      shared  buff/cache   available
Mem:           503Gi        17Gi        47Gi       163Mi       438Gi       482Gi
Swap:          8.0Gi       585Mi       7.4Gi

===== 2026-01-26 05:23:28 =====
               total        used        free      shared  buff/cache   available
Mem:           503Gi        18Gi        46Gi       163Mi       438Gi       482Gi
Swap:          8.0Gi       585Mi       7.4Gi

===== 2026-01-26 05:23:29 =====
               total        used        free      shared  buff/cache   available
Mem:           503Gi        18Gi        46Gi       163Mi       438Gi       482Gi
Swap:          8.0Gi       585Mi       7.4Gi

===== 2026-01-26 05:23:30 =====
               total        used        free      shared  buff/cache   available
Mem:           503Gi        15Gi        49Gi       171Mi       438Gi       485Gi
Swap:          8.0Gi       585Mi       7.4Gi

===== 2026-01-26 05:23:31 =====
               total        used        free      shared  buff/cache   available
Mem:           503Gi        15Gi        48Gi       171Mi       438Gi       484Gi
Swap:          8.0Gi       585Mi       7.4Gi

===== 2026-01-26 05:23:32 =====
               total        used        free      shared  buff/cache   available
Mem:           503Gi        16Gi        48Gi       171Mi       438Gi       483Gi
Swap:          8.0Gi       585Mi       7.4Gi

===== 2026-01-26 05:23:33 =====
               total        used        free      shared  buff/cache   available
Mem:           503Gi        17Gi        47Gi       171Mi       438Gi       482Gi
Swap:          8.0Gi       585Mi       7.4Gi

===== 2026-01-26 05:23:34 =====
               total        used        free      shared  buff/cache   available
Mem:           503Gi        17Gi        47Gi       171Mi       438Gi       482Gi
Swap:          8.0Gi       585Mi       7.4Gi

===== 2026-01-26 05:23:35 =====
               total        used        free      shared  buff/cache   available
Mem:           503Gi        17Gi        47Gi       171Mi       438Gi       482Gi
Swap:          8.0Gi       585Mi       7.4Gi

===== 2026-01-26 05:23:36 =====
               total        used        free      shared  buff/cache   available
Mem:           503Gi        17Gi        47Gi       171Mi       438Gi       482Gi
Swap:          8.0Gi       585Mi       7.4Gi

===== 2026-01-26 05:23:37 =====
               total        used        free      shared  buff/cache   available
Mem:           503Gi        18Gi        46Gi       171Mi       438Gi       482Gi
Swap:          8.0Gi       585Mi       7.4Gi

===== 2026-01-26 05:23:38 =====
               total        used        free      shared  buff/cache   available
Mem:           503Gi        18Gi        46Gi       171Mi       438Gi       481Gi
Swap:          8.0Gi       585Mi       7.4Gi

===== 2026-01-26 05:23:39 =====
               total        used        free      shared  buff/cache   available
Mem:           503Gi        15Gi        49Gi       179Mi       438Gi       484Gi
Swap:          8.0Gi       585Mi       7.4Gi

===== 2026-01-26 05:23:40 =====
               total        used        free      shared  buff/cache   available
Mem:           503Gi        15Gi        48Gi       179Mi       438Gi       484Gi
Swap:          8.0Gi       585Mi       7.4Gi

===== 2026-01-26 05:23:41 =====
               total        used        free      shared  buff/cache   available
Mem:           503Gi        16Gi        48Gi       179Mi       438Gi       483Gi
Swap:          8.0Gi       585Mi       7.4Gi

===== 2026-01-26 05:23:42 =====
               total        used        free      shared  buff/cache   available
Mem:           503Gi        17Gi        47Gi       179Mi       438Gi       482Gi
Swap:          8.0Gi       585Mi       7.4Gi

===== 2026-01-26 05:23:43 =====
               total        used        free      shared  buff/cache   available
Mem:           503Gi        17Gi        46Gi       179Mi       438Gi       482Gi
Swap:          8.0Gi       585Mi       7.4Gi

===== 2026-01-26 05:23:44 =====
               total        used        free      shared  buff/cache   available
Mem:           503Gi        17Gi        46Gi       179Mi       438Gi       482Gi
Swap:          8.0Gi       585Mi       7.4Gi

===== 2026-01-26 05:23:45 =====
               total        used        free      shared  buff/cache   available
Mem:           503Gi        17Gi        46Gi       179Mi       438Gi       482Gi
Swap:          8.0Gi       585Mi       7.4Gi

===== 2026-01-26 05:23:46 =====
               total        used        free      shared  buff/cache   available
Mem:           503Gi        18Gi        46Gi       179Mi       438Gi       482Gi
Swap:          8.0Gi       585Mi       7.4Gi

===== 2026-01-26 05:23:47 =====
               total        used        free      shared  buff/cache   available
Mem:           503Gi        18Gi        45Gi       179Mi       438Gi       481Gi
Swap:          8.0Gi       585Mi       7.4Gi

===== 2026-01-26 05:23:48 =====
               total        used        free      shared  buff/cache   available
Mem:           503Gi        18Gi        45Gi       179Mi       438Gi       481Gi
Swap:          8.0Gi       585Mi       7.4Gi

===== 2026-01-26 05:23:49 =====
               total        used        free      shared  buff/cache   available
Mem:           503Gi        15Gi        48Gi       187Mi       438Gi       484Gi
Swap:          8.0Gi       585Mi       7.4Gi

===== 2026-01-26 05:23:50 =====
               total        used        free      shared  buff/cache   available
Mem:           503Gi        16Gi        48Gi       187Mi       438Gi       483Gi
Swap:          8.0Gi       585Mi       7.4Gi

===== 2026-01-26 05:23:51 =====
               total        used        free      shared  buff/cache   available
Mem:           503Gi        17Gi        47Gi       187Mi       438Gi       482Gi
Swap:          8.0Gi       585Mi       7.4Gi

===== 2026-01-26 05:23:52 =====
               total        used        free      shared  buff/cache   available
Mem:           503Gi        18Gi        46Gi       187Mi       438Gi       482Gi
Swap:          8.0Gi       585Mi       7.4Gi

===== 2026-01-26 05:23:53 =====
               total        used        free      shared  buff/cache   available
Mem:           503Gi        18Gi        46Gi       187Mi       438Gi       482Gi
Swap:          8.0Gi       585Mi       7.4Gi

===== 2026-01-26 05:23:54 =====
               total        used        free      shared  buff/cache   available
Mem:           503Gi        18Gi        46Gi       187Mi       438Gi       482Gi
Swap:          8.0Gi       585Mi       7.4Gi

===== 2026-01-26 05:23:55 =====
               total        used        free      shared  buff/cache   available
Mem:           503Gi        18Gi        46Gi       187Mi       438Gi       482Gi
Swap:          8.0Gi       585Mi       7.4Gi

===== 2026-01-26 05:23:56 =====
               total        used        free      shared  buff/cache   available
Mem:           503Gi        19Gi        45Gi       187Mi       438Gi       481Gi
Swap:          8.0Gi       585Mi       7.4Gi

===== 2026-01-26 05:23:57 =====
               total        used        free      shared  buff/cache   available
Mem:           503Gi        19Gi        45Gi       187Mi       438Gi       481Gi
Swap:          8.0Gi       585Mi       7.4Gi

===== 2026-01-26 05:23:58 =====
               total        used        free      shared  buff/cache   available
Mem:           503Gi        15Gi        48Gi       195Mi       438Gi       484Gi
Swap:          8.0Gi       585Mi       7.4Gi

===== 2026-01-26 05:23:59 =====
               total        used        free      shared  buff/cache   available
Mem:           503Gi        16Gi        47Gi       195Mi       438Gi       483Gi
Swap:          8.0Gi       585Mi       7.4Gi

===== 2026-01-26 05:24:00 =====
               total        used        free      shared  buff/cache   available
Mem:           503Gi        17Gi        47Gi       195Mi       438Gi       482Gi
Swap:          8.0Gi       585Mi       7.4Gi

===== 2026-01-26 05:24:01 =====
               total        used        free      shared  buff/cache   available
Mem:           503Gi        18Gi        46Gi       195Mi       438Gi       482Gi
Swap:          8.0Gi       585Mi       7.4Gi

===== 2026-01-26 05:24:02 =====
               total        used        free      shared  buff/cache   available
Mem:           503Gi        18Gi        46Gi       195Mi       438Gi       481Gi
Swap:          8.0Gi       585Mi       7.4Gi

===== 2026-01-26 05:24:03 =====
               total        used        free      shared  buff/cache   available
Mem:           503Gi        18Gi        46Gi       195Mi       438Gi       481Gi
Swap:          8.0Gi       585Mi       7.4Gi

===== 2026-01-26 05:24:04 =====
               total        used        free      shared  buff/cache   available
Mem:           503Gi        18Gi        46Gi       195Mi       438Gi       481Gi
Swap:          8.0Gi       585Mi       7.4Gi

===== 2026-01-26 05:24:05 =====
               total        used        free      shared  buff/cache   available
Mem:           503Gi        19Gi        45Gi       195Mi       438Gi       481Gi
Swap:          8.0Gi       585Mi       7.4Gi

===== 2026-01-26 05:24:06 =====
               total        used        free      shared  buff/cache   available
Mem:           503Gi        19Gi        45Gi       195Mi       438Gi       480Gi
Swap:          8.0Gi       585Mi       7.4Gi

===== 2026-01-26 05:24:07 =====
               total        used        free      shared  buff/cache   available
Mem:           503Gi        19Gi        45Gi       203Mi       438Gi       480Gi
Swap:          8.0Gi       585Mi       7.4Gi

===== 2026-01-26 05:24:08 =====
               total        used        free      shared  buff/cache   available
Mem:           503Gi        16Gi        47Gi       212Mi       438Gi       483Gi
Swap:          8.0Gi       585Mi       7.4Gi

===== 2026-01-26 05:24:09 =====
               total        used        free      shared  buff/cache   available
Mem:           503Gi        17Gi        46Gi       388Mi       439Gi       482Gi
Swap:          8.0Gi       585Mi       7.4Gi

===== 2026-01-26 05:24:10 =====
               total        used        free      shared  buff/cache   available
Mem:           503Gi        18Gi        46Gi       560Mi       439Gi       481Gi
Swap:          8.0Gi       585Mi       7.4Gi

===== 2026-01-26 05:24:11 =====
               total        used        free      shared  buff/cache   available
Mem:           503Gi        19Gi        45Gi       732Mi       439Gi       480Gi
Swap:          8.0Gi       585Mi       7.4Gi

===== 2026-01-26 05:24:12 =====
               total        used        free      shared  buff/cache   available
Mem:           503Gi        20Gi        43Gi       892Mi       439Gi       479Gi
Swap:          8.0Gi       585Mi       7.4Gi

===== 2026-01-26 05:24:13 =====
               total        used        free      shared  buff/cache   available
Mem:           503Gi        21Gi        42Gi       892Mi       439Gi       478Gi
Swap:          8.0Gi       585Mi       7.4Gi

===== 2026-01-26 05:24:14 =====
               total        used        free      shared  buff/cache   available
Mem:           503Gi        21Gi        42Gi       892Mi       439Gi       478Gi
Swap:          8.0Gi       585Mi       7.4Gi

===== 2026-01-26 05:24:16 =====
               total        used        free      shared  buff/cache   available
Mem:           503Gi        21Gi        42Gi       892Mi       439Gi       478Gi
Swap:          8.0Gi       585Mi       7.4Gi

===== 2026-01-26 05:24:17 =====
               total        used        free      shared  buff/cache   available
Mem:           503Gi        21Gi        42Gi       892Mi       439Gi       478Gi
Swap:          8.0Gi       585Mi       7.4Gi

===== 2026-01-26 05:24:18 =====
               total        used        free      shared  buff/cache   available
Mem:           503Gi        18Gi        45Gi       891Mi       439Gi       481Gi
Swap:          8.0Gi       585Mi       7.4Gi

===== 2026-01-26 05:24:19 =====
               total        used        free      shared  buff/cache   available
Mem:           503Gi        18Gi        45Gi       899Mi       439Gi       481Gi
Swap:          8.0Gi       585Mi       7.4Gi

===== 2026-01-26 05:24:20 =====
               total        used        free      shared  buff/cache   available
Mem:           503Gi        18Gi        45Gi       605Mi       439Gi       481Gi
Swap:          8.0Gi       585Mi       7.4Gi

===== 2026-01-26 05:24:21 =====
               total        used        free      shared  buff/cache   available
Mem:           503Gi        17Gi        46Gi       315Mi       439Gi       482Gi
Swap:          8.0Gi       585Mi       7.4Gi

===== 2026-01-26 05:24:22 =====
               total        used        free      shared  buff/cache   available
Mem:           503Gi        10Gi        54Gi       196Mi       438Gi       490Gi
Swap:          8.0Gi       585Mi       7.4Gi

===== 2026-01-26 05:24:23 =====
               total        used        free      shared  buff/cache   available
Mem:           503Gi       9.3Gi        55Gi       139Mi       438Gi       491Gi
Swap:          8.0Gi       585Mi       7.4Gi

===== 2026-01-26 05:24:24 =====
               total        used        free      shared  buff/cache   available
Mem:           503Gi       9.3Gi        55Gi       139Mi       438Gi       491Gi
Swap:          8.0Gi       585Mi       7.4Gi

===== 2026-01-26 05:24:25 =====
               total        used        free      shared  buff/cache   available
Mem:           503Gi       9.3Gi        55Gi       139Mi       438Gi       491Gi
Swap:          8.0Gi       585Mi       7.4Gi

===== 2026-01-26 05:24:26 =====
               total        used        free      shared  buff/cache   available
Mem:           503Gi       9.3Gi        55Gi       139Mi       438Gi       491Gi
Swap:          8.0Gi       585Mi       7.4Gi

===== 2026-01-26 05:24:27 =====
               total        used        free      shared  buff/cache   available
Mem:           503Gi       9.3Gi        55Gi       139Mi       438Gi       491Gi
Swap:          8.0Gi       585Mi       7.4Gi

===== 2026-01-26 05:24:28 =====
               total        used        free      shared  buff/cache   available
Mem:           503Gi       9.3Gi        55Gi       139Mi       438Gi       491Gi
Swap:          8.0Gi       585Mi       7.4Gi

===== 2026-01-26 05:24:29 =====
               total        used        free      shared  buff/cache   available
Mem:           503Gi       9.3Gi        55Gi       139Mi       438Gi       491Gi
Swap:          8.0Gi       585Mi       7.4Gi

===== 2026-01-26 05:24:30 =====
               total        used        free      shared  buff/cache   available
Mem:           503Gi       9.3Gi        55Gi       139Mi       438Gi       491Gi
Swap:          8.0Gi       585Mi       7.4Gi

