===== 2026-01-15 09:35:37 =====
hostname             Thu Jan 15 09:35:38 2026  560.35.05
[0] NVIDIA A40 | 36°C,   0 % |     0 / 46068 MB |
[1] NVIDIA A40 | 35°C,   0 % |     0 / 46068 MB |
[2] NVIDIA A40 | 33°C,   0 % |     0 / 46068 MB |
[3] NVIDIA A40 | 32°C,   0 % |     0 / 46068 MB |
[4] NVIDIA A40 | 33°C,   0 % |     0 / 46068 MB |
[5] NVIDIA A40 | 33°C,   0 % |     0 / 46068 MB |
[6] NVIDIA A40 | 34°C,   0 % |     0 / 46068 MB |
[7] NVIDIA A40 | 34°C,   0 % |     0 / 46068 MB |

===== 2026-01-15 09:35:39 =====
hostname             Thu Jan 15 09:35:40 2026  560.35.05
[0] NVIDIA A40 | 36°C,   0 % |     0 / 46068 MB |
[1] NVIDIA A40 | 35°C,   0 % |     0 / 46068 MB |
[2] NVIDIA A40 | 33°C,   0 % |     0 / 46068 MB |
[3] NVIDIA A40 | 32°C,   0 % |     0 / 46068 MB |
[4] NVIDIA A40 | 33°C,   0 % |     0 / 46068 MB |
[5] NVIDIA A40 | 33°C,   0 % |     0 / 46068 MB |
[6] NVIDIA A40 | 34°C,   0 % |     0 / 46068 MB |
[7] NVIDIA A40 | 34°C,   0 % |     0 / 46068 MB |

===== 2026-01-15 09:35:41 =====
hostname             Thu Jan 15 09:35:42 2026  560.35.05
[0] NVIDIA A40 | 36°C,   0 % |     3 / 46068 MB |
[1] NVIDIA A40 | 35°C,   0 % |     3 / 46068 MB |
[2] NVIDIA A40 | 33°C,   0 % |     3 / 46068 MB |
[3] NVIDIA A40 | 32°C,   0 % |     3 / 46068 MB |
[4] NVIDIA A40 | 33°C,   0 % |     3 / 46068 MB |
[5] NVIDIA A40 | 33°C,   0 % |     3 / 46068 MB |
[6] NVIDIA A40 | 34°C,   0 % |     3 / 46068 MB |
[7] NVIDIA A40 | 34°C,   0 % |     3 / 46068 MB |

===== 2026-01-15 09:35:43 =====
hostname             Thu Jan 15 09:35:44 2026  560.35.05
[0] NVIDIA A40 | 37°C,   0 % |     3 / 46068 MB |
[1] NVIDIA A40 | 35°C,   0 % |     3 / 46068 MB |
[2] NVIDIA A40 | 33°C,   0 % |     3 / 46068 MB |
[3] NVIDIA A40 | 33°C,   0 % |     3 / 46068 MB |
[4] NVIDIA A40 | 33°C,   0 % |     3 / 46068 MB |
[5] NVIDIA A40 | 33°C,   0 % |     3 / 46068 MB |
[6] NVIDIA A40 | 34°C,   0 % |     3 / 46068 MB |
[7] NVIDIA A40 | 34°C,   0 % |     3 / 46068 MB |

===== 2026-01-15 09:35:45 =====
hostname             Thu Jan 15 09:35:46 2026  560.35.05
[0] NVIDIA A40 | 36°C,   0 % |     3 / 46068 MB |
[1] NVIDIA A40 | 35°C,   0 % |     3 / 46068 MB |
[2] NVIDIA A40 | 33°C,   0 % |     3 / 46068 MB |
[3] NVIDIA A40 | 32°C,   0 % |     3 / 46068 MB |
[4] NVIDIA A40 | 33°C,   0 % |     3 / 46068 MB |
[5] NVIDIA A40 | 33°C,   0 % |     3 / 46068 MB |
[6] NVIDIA A40 | 34°C,   0 % |     3 / 46068 MB |
[7] NVIDIA A40 | 34°C,   0 % |     3 / 46068 MB |

===== 2026-01-15 09:35:47 =====
hostname             Thu Jan 15 09:35:49 2026  560.35.05
[0] NVIDIA A40 | 36°C,   0 % |     3 / 46068 MB |
[1] NVIDIA A40 | 35°C,   0 % |     3 / 46068 MB |
[2] NVIDIA A40 | 33°C,   0 % |     3 / 46068 MB |
[3] NVIDIA A40 | 32°C,   0 % |     3 / 46068 MB |
[4] NVIDIA A40 | 33°C,   0 % |     3 / 46068 MB |
[5] NVIDIA A40 | 33°C,   0 % |     3 / 46068 MB |
[6] NVIDIA A40 | 34°C,   0 % |     3 / 46068 MB |
[7] NVIDIA A40 | 34°C,   0 % |     3 / 46068 MB |

===== 2026-01-15 09:35:50 =====
hostname             Thu Jan 15 09:35:51 2026  560.35.05
[0] NVIDIA A40 | 36°C,   0 % |     3 / 46068 MB |
[1] NVIDIA A40 | 35°C,   0 % |     3 / 46068 MB |
[2] NVIDIA A40 | 33°C,   0 % |     3 / 46068 MB |
[3] NVIDIA A40 | 32°C,   0 % |     3 / 46068 MB |
[4] NVIDIA A40 | 33°C,   0 % |     3 / 46068 MB |
[5] NVIDIA A40 | 33°C,   0 % |     3 / 46068 MB |
[6] NVIDIA A40 | 34°C,   0 % |     3 / 46068 MB |
[7] NVIDIA A40 | 34°C,   0 % |     3 / 46068 MB |

===== 2026-01-15 09:35:52 =====
hostname             Thu Jan 15 09:35:53 2026  560.35.05
[0] NVIDIA A40 | 36°C,   0 % |     3 / 46068 MB |
[1] NVIDIA A40 | 35°C,   0 % |     3 / 46068 MB |
[2] NVIDIA A40 | 33°C,   0 % |     3 / 46068 MB |
[3] NVIDIA A40 | 32°C,   0 % |     3 / 46068 MB |
[4] NVIDIA A40 | 33°C,   0 % |     3 / 46068 MB |
[5] NVIDIA A40 | 33°C,   0 % |     3 / 46068 MB |
[6] NVIDIA A40 | 34°C,   0 % |     3 / 46068 MB |
[7] NVIDIA A40 | 34°C,   0 % |     3 / 46068 MB |

===== 2026-01-15 09:35:54 =====
hostname             Thu Jan 15 09:35:55 2026  560.35.05
[0] NVIDIA A40 | 36°C,   0 % |     3 / 46068 MB |
[1] NVIDIA A40 | 35°C,   0 % |     3 / 46068 MB |
[2] NVIDIA A40 | 33°C,   0 % |     3 / 46068 MB |
[3] NVIDIA A40 | 32°C,   0 % |     3 / 46068 MB |
[4] NVIDIA A40 | 33°C,   0 % |     3 / 46068 MB |
[5] NVIDIA A40 | 33°C,   0 % |     3 / 46068 MB |
[6] NVIDIA A40 | 34°C,   0 % |     3 / 46068 MB |
[7] NVIDIA A40 | 34°C,   0 % |     3 / 46068 MB |

===== 2026-01-15 09:35:56 =====
hostname             Thu Jan 15 09:35:57 2026  560.35.05
[0] NVIDIA A40 | 36°C,   0 % |     3 / 46068 MB |
[1] NVIDIA A40 | 35°C,   0 % |     3 / 46068 MB |
[2] NVIDIA A40 | 33°C,   0 % |     3 / 46068 MB |
[3] NVIDIA A40 | 32°C,   0 % |     3 / 46068 MB |
[4] NVIDIA A40 | 33°C,   0 % |     3 / 46068 MB |
[5] NVIDIA A40 | 33°C,   0 % |     3 / 46068 MB |
[6] NVIDIA A40 | 34°C,   0 % |     3 / 46068 MB |
[7] NVIDIA A40 | 34°C,   0 % |     3 / 46068 MB |

===== 2026-01-15 09:35:58 =====
hostname             Thu Jan 15 09:35:59 2026  560.35.05
[0] NVIDIA A40 | 38°C,   0 % |  3133 / 46068 MB | root(?M)
[1] NVIDIA A40 | 35°C,   0 % |     3 / 46068 MB |
[2] NVIDIA A40 | 33°C,   0 % |     3 / 46068 MB |
[3] NVIDIA A40 | 33°C,   0 % |     3 / 46068 MB |
[4] NVIDIA A40 | 33°C,   0 % |     3 / 46068 MB |
[5] NVIDIA A40 | 33°C,   0 % |     3 / 46068 MB |
[6] NVIDIA A40 | 34°C,   0 % |     3 / 46068 MB |
[7] NVIDIA A40 | 34°C,   0 % |     3 / 46068 MB |

===== 2026-01-15 09:36:00 =====
hostname             Thu Jan 15 09:36:01 2026  560.35.05
[0] NVIDIA A40 | 39°C,   0 % |  3133 / 46068 MB | root(?M)
[1] NVIDIA A40 | 35°C,   0 % |     3 / 46068 MB |
[2] NVIDIA A40 | 33°C,   0 % |     3 / 46068 MB |
[3] NVIDIA A40 | 32°C,   0 % |     3 / 46068 MB |
[4] NVIDIA A40 | 33°C,   0 % |     3 / 46068 MB |
[5] NVIDIA A40 | 33°C,   0 % |     3 / 46068 MB |
[6] NVIDIA A40 | 34°C,   0 % |     3 / 46068 MB |
[7] NVIDIA A40 | 34°C,   0 % |     3 / 46068 MB |

===== 2026-01-15 09:36:02 =====
hostname             Thu Jan 15 09:36:03 2026  560.35.05
[0] NVIDIA A40 | 39°C,   0 % |  3133 / 46068 MB | root(?M)
[1] NVIDIA A40 | 34°C,   0 % |     3 / 46068 MB |
[2] NVIDIA A40 | 33°C,   0 % |     3 / 46068 MB |
[3] NVIDIA A40 | 32°C,   0 % |     3 / 46068 MB |
[4] NVIDIA A40 | 33°C,   0 % |     3 / 46068 MB |
[5] NVIDIA A40 | 33°C,   0 % |     3 / 46068 MB |
[6] NVIDIA A40 | 34°C,   0 % |     3 / 46068 MB |
[7] NVIDIA A40 | 34°C,   0 % |     3 / 46068 MB |

===== 2026-01-15 09:36:04 =====
hostname             Thu Jan 15 09:36:05 2026  560.35.05
[0] NVIDIA A40 | 39°C,   0 % |  3133 / 46068 MB | root(?M)
[1] NVIDIA A40 | 34°C,   0 % |     3 / 46068 MB |
[2] NVIDIA A40 | 33°C,   0 % |     3 / 46068 MB |
[3] NVIDIA A40 | 32°C,   0 % |     3 / 46068 MB |
[4] NVIDIA A40 | 33°C,   0 % |     3 / 46068 MB |
[5] NVIDIA A40 | 33°C,   0 % |     3 / 46068 MB |
[6] NVIDIA A40 | 34°C,   0 % |     3 / 46068 MB |
[7] NVIDIA A40 | 34°C,   0 % |     3 / 46068 MB |

===== 2026-01-15 09:36:06 =====
hostname             Thu Jan 15 09:36:07 2026  560.35.05
[0] NVIDIA A40 | 40°C,   0 % |  3133 / 46068 MB | root(?M)
[1] NVIDIA A40 | 34°C,   0 % |     3 / 46068 MB |
[2] NVIDIA A40 | 33°C,   0 % |     3 / 46068 MB |
[3] NVIDIA A40 | 32°C,   0 % |     3 / 46068 MB |
[4] NVIDIA A40 | 33°C,   0 % |     3 / 46068 MB |
[5] NVIDIA A40 | 33°C,   0 % |     3 / 46068 MB |
[6] NVIDIA A40 | 34°C,   0 % |     3 / 46068 MB |
[7] NVIDIA A40 | 34°C,   0 % |     3 / 46068 MB |

===== 2026-01-15 09:36:08 =====
hostname             Thu Jan 15 09:36:10 2026  560.35.05
[0] NVIDIA A40 | 40°C,   0 % |  3133 / 46068 MB | root(?M)
[1] NVIDIA A40 | 34°C,   0 % |     3 / 46068 MB |
[2] NVIDIA A40 | 33°C,   0 % |     3 / 46068 MB |
[3] NVIDIA A40 | 32°C,   0 % |     3 / 46068 MB |
[4] NVIDIA A40 | 33°C,   0 % |     3 / 46068 MB |
[5] NVIDIA A40 | 33°C,   0 % |     3 / 46068 MB |
[6] NVIDIA A40 | 34°C,   0 % |     3 / 46068 MB |
[7] NVIDIA A40 | 34°C,   0 % |     3 / 46068 MB |

===== 2026-01-15 09:36:11 =====
hostname             Thu Jan 15 09:36:12 2026  560.35.05
[0] NVIDIA A40 | 40°C,   0 % |  3133 / 46068 MB | root(?M)
[1] NVIDIA A40 | 35°C,   0 % |    18 / 46068 MB | root(?M)
[2] NVIDIA A40 | 33°C,   0 % |     3 / 46068 MB |
[3] NVIDIA A40 | 32°C,   0 % |     3 / 46068 MB |
[4] NVIDIA A40 | 33°C,   0 % |     3 / 46068 MB |
[5] NVIDIA A40 | 33°C,   0 % |     3 / 46068 MB |
[6] NVIDIA A40 | 34°C,   0 % |     3 / 46068 MB |
[7] NVIDIA A40 | 34°C,   0 % |     3 / 46068 MB |

===== 2026-01-15 09:36:13 =====
hostname             Thu Jan 15 09:36:14 2026  560.35.05
[0] NVIDIA A40 | 40°C,   0 % |  3227 / 46068 MB | root(?M)
[1] NVIDIA A40 | 37°C,  10 % |  3299 / 46068 MB | root(?M)
[2] NVIDIA A40 | 33°C,   0 % |     3 / 46068 MB |
[3] NVIDIA A40 | 33°C,   0 % |     3 / 46068 MB |
[4] NVIDIA A40 | 33°C,   0 % |     3 / 46068 MB |
[5] NVIDIA A40 | 33°C,   0 % |     3 / 46068 MB |
[6] NVIDIA A40 | 34°C,   0 % |     3 / 46068 MB |
[7] NVIDIA A40 | 34°C,   0 % |     3 / 46068 MB |

===== 2026-01-15 09:36:15 =====
hostname             Thu Jan 15 09:36:16 2026  560.35.05
[0] NVIDIA A40 | 49°C,  93 % |  7665 / 46068 MB | root(?M)
[1] NVIDIA A40 | 49°C,  90 % |  8851 / 46068 MB | root(?M)
[2] NVIDIA A40 | 33°C,   0 % |     3 / 46068 MB |
[3] NVIDIA A40 | 32°C,   0 % |     3 / 46068 MB |
[4] NVIDIA A40 | 33°C,   0 % |     3 / 46068 MB |
[5] NVIDIA A40 | 33°C,   0 % |     3 / 46068 MB |
[6] NVIDIA A40 | 34°C,   0 % |     3 / 46068 MB |
[7] NVIDIA A40 | 34°C,   0 % |     3 / 46068 MB |

===== 2026-01-15 09:36:17 =====
hostname             Thu Jan 15 09:36:18 2026  560.35.05
[0] NVIDIA A40 | 51°C,  93 % | 14407 / 46068 MB | root(?M)
[1] NVIDIA A40 | 51°C,  93 % | 15155 / 46068 MB | root(?M)
[2] NVIDIA A40 | 33°C,   0 % |     3 / 46068 MB |
[3] NVIDIA A40 | 32°C,   0 % |     3 / 46068 MB |
[4] NVIDIA A40 | 33°C,   0 % |     3 / 46068 MB |
[5] NVIDIA A40 | 33°C,   0 % |     3 / 46068 MB |
[6] NVIDIA A40 | 34°C,   0 % |     3 / 46068 MB |
[7] NVIDIA A40 | 34°C,   0 % |     3 / 46068 MB |

===== 2026-01-15 09:36:19 =====
hostname             Thu Jan 15 09:36:20 2026  560.35.05
[0] NVIDIA A40 | 52°C,  91 % | 14381 / 46068 MB | root(?M)
[1] NVIDIA A40 | 52°C,  93 % | 15127 / 46068 MB | root(?M)
[2] NVIDIA A40 | 33°C,   0 % |     3 / 46068 MB |
[3] NVIDIA A40 | 32°C,   0 % |     3 / 46068 MB |
[4] NVIDIA A40 | 33°C,   0 % |     3 / 46068 MB |
[5] NVIDIA A40 | 33°C,   0 % |     3 / 46068 MB |
[6] NVIDIA A40 | 34°C,   0 % |     3 / 46068 MB |
[7] NVIDIA A40 | 34°C,   0 % |     3 / 46068 MB |

===== 2026-01-15 09:36:21 =====
hostname             Thu Jan 15 09:36:22 2026  560.35.05
[0] NVIDIA A40 | 53°C,  93 % | 14373 / 46068 MB | root(?M)
[1] NVIDIA A40 | 54°C,  93 % | 15119 / 46068 MB | root(?M)
[2] NVIDIA A40 | 33°C,   0 % |     3 / 46068 MB |
[3] NVIDIA A40 | 32°C,   0 % |     3 / 46068 MB |
[4] NVIDIA A40 | 33°C,   0 % |     3 / 46068 MB |
[5] NVIDIA A40 | 33°C,   0 % |     3 / 46068 MB |
[6] NVIDIA A40 | 34°C,   0 % |     3 / 46068 MB |
[7] NVIDIA A40 | 34°C,   0 % |     3 / 46068 MB |

===== 2026-01-15 09:36:23 =====
hostname             Thu Jan 15 09:36:24 2026  560.35.05
[0] NVIDIA A40 | 53°C,  91 % | 14383 / 46068 MB | root(?M)
[1] NVIDIA A40 | 55°C,  92 % | 15115 / 46068 MB | root(?M)
[2] NVIDIA A40 | 33°C,   0 % |     3 / 46068 MB |
[3] NVIDIA A40 | 32°C,   0 % |     3 / 46068 MB |
[4] NVIDIA A40 | 33°C,   0 % |     3 / 46068 MB |
[5] NVIDIA A40 | 33°C,   0 % |     3 / 46068 MB |
[6] NVIDIA A40 | 34°C,   0 % |     3 / 46068 MB |
[7] NVIDIA A40 | 34°C,   0 % |     3 / 46068 MB |

===== 2026-01-15 09:36:25 =====
hostname             Thu Jan 15 09:36:26 2026  560.35.05
[0] NVIDIA A40 | 54°C,  71 % | 14379 / 46068 MB | root(?M)
[1] NVIDIA A40 | 55°C,  94 % | 15091 / 46068 MB | root(?M)
[2] NVIDIA A40 | 33°C,   0 % |     3 / 46068 MB |
[3] NVIDIA A40 | 32°C,   0 % |     3 / 46068 MB |
[4] NVIDIA A40 | 33°C,   0 % |     3 / 46068 MB |
[5] NVIDIA A40 | 33°C,   0 % |     3 / 46068 MB |
[6] NVIDIA A40 | 34°C,   0 % |     3 / 46068 MB |
[7] NVIDIA A40 | 34°C,   0 % |     3 / 46068 MB |

===== 2026-01-15 09:36:28 =====
hostname             Thu Jan 15 09:36:29 2026  560.35.05
[0] NVIDIA A40 | 53°C,  70 % | 14351 / 46068 MB | root(?M)
[1] NVIDIA A40 | 56°C,  84 % | 15083 / 46068 MB | root(?M)
[2] NVIDIA A40 | 33°C,   0 % |     3 / 46068 MB |
[3] NVIDIA A40 | 32°C,   0 % |     3 / 46068 MB |
[4] NVIDIA A40 | 33°C,   0 % |     3 / 46068 MB |
[5] NVIDIA A40 | 33°C,   0 % |     3 / 46068 MB |
[6] NVIDIA A40 | 34°C,   0 % |     3 / 46068 MB |
[7] NVIDIA A40 | 34°C,   0 % |     3 / 46068 MB |

===== 2026-01-15 09:36:30 =====
hostname             Thu Jan 15 09:36:31 2026  560.35.05
[0] NVIDIA A40 | 54°C,  67 % | 14191 / 46068 MB | root(?M)
[1] NVIDIA A40 | 56°C,  89 % | 15065 / 46068 MB | root(?M)
[2] NVIDIA A40 | 33°C,   0 % |     3 / 46068 MB |
[3] NVIDIA A40 | 32°C,   0 % |     3 / 46068 MB |
[4] NVIDIA A40 | 33°C,   0 % |     3 / 46068 MB |
[5] NVIDIA A40 | 33°C,   0 % |     3 / 46068 MB |
[6] NVIDIA A40 | 34°C,   0 % |     3 / 46068 MB |
[7] NVIDIA A40 | 34°C,   0 % |     3 / 46068 MB |

===== 2026-01-15 09:36:32 =====
hostname             Thu Jan 15 09:36:33 2026  560.35.05
[0] NVIDIA A40 | 55°C,  51 % | 14197 / 46068 MB | root(?M)
[1] NVIDIA A40 | 56°C,  96 % | 15067 / 46068 MB | root(?M)
[2] NVIDIA A40 | 33°C,   0 % |     3 / 46068 MB |
[3] NVIDIA A40 | 32°C,   0 % |     3 / 46068 MB |
[4] NVIDIA A40 | 33°C,   0 % |     3 / 46068 MB |
[5] NVIDIA A40 | 33°C,   0 % |     3 / 46068 MB |
[6] NVIDIA A40 | 33°C,   0 % |     3 / 46068 MB |
[7] NVIDIA A40 | 33°C,   0 % |     3 / 46068 MB |

===== 2026-01-15 09:36:34 =====
hostname             Thu Jan 15 09:36:35 2026  560.35.05
[0] NVIDIA A40 | 55°C,  78 % | 14421 / 46068 MB | root(?M)
[1] NVIDIA A40 | 57°C,  63 % | 14983 / 46068 MB | root(?M)
[2] NVIDIA A40 | 33°C,   0 % |     3 / 46068 MB |
[3] NVIDIA A40 | 32°C,   0 % |     3 / 46068 MB |
[4] NVIDIA A40 | 33°C,   0 % |     3 / 46068 MB |
[5] NVIDIA A40 | 33°C,   0 % |     3 / 46068 MB |
[6] NVIDIA A40 | 34°C,   0 % |     3 / 46068 MB |
[7] NVIDIA A40 | 34°C,   0 % |     3 / 46068 MB |

===== 2026-01-15 09:36:36 =====
hostname             Thu Jan 15 09:36:37 2026  560.35.05
[0] NVIDIA A40 | 58°C,  93 % | 14427 / 46068 MB | root(?M)
[1] NVIDIA A40 | 59°C,  93 % | 15199 / 46068 MB | root(?M)
[2] NVIDIA A40 | 33°C,   0 % |     3 / 46068 MB |
[3] NVIDIA A40 | 32°C,   0 % |     3 / 46068 MB |
[4] NVIDIA A40 | 33°C,   0 % |     3 / 46068 MB |
[5] NVIDIA A40 | 33°C,   0 % |     3 / 46068 MB |
[6] NVIDIA A40 | 34°C,   0 % |     3 / 46068 MB |
[7] NVIDIA A40 | 33°C,   0 % |     3 / 46068 MB |

===== 2026-01-15 09:36:38 =====
hostname             Thu Jan 15 09:36:39 2026  560.35.05
[0] NVIDIA A40 | 51°C,   0 % | 14322 / 46068 MB | root(?M) root(?M)
[1] NVIDIA A40 | 52°C,   0 % | 14831 / 46068 MB | root(?M)
[2] NVIDIA A40 | 33°C,   0 % |     3 / 46068 MB |
[3] NVIDIA A40 | 33°C,   0 % |     3 / 46068 MB |
[4] NVIDIA A40 | 33°C,   0 % |     3 / 46068 MB |
[5] NVIDIA A40 | 33°C,   0 % |     3 / 46068 MB |
[6] NVIDIA A40 | 34°C,   0 % |     3 / 46068 MB |
[7] NVIDIA A40 | 34°C,   0 % |     0 / 46068 MB |

===== 2026-01-15 09:36:40 =====
hostname             Thu Jan 15 09:36:42 2026  560.35.05
[0] NVIDIA A40 | 50°C,   0 % |     0 / 46068 MB |
[1] NVIDIA A40 | 51°C,   0 % |     0 / 46068 MB |
[2] NVIDIA A40 | 33°C,   0 % |     0 / 46068 MB |
[3] NVIDIA A40 | 33°C,   0 % |     0 / 46068 MB |
[4] NVIDIA A40 | 33°C,   0 % |     0 / 46068 MB |
[5] NVIDIA A40 | 33°C,   0 % |     0 / 46068 MB |
[6] NVIDIA A40 | 34°C,   0 % |     0 / 46068 MB |
[7] NVIDIA A40 | 34°C,   0 % |     0 / 46068 MB |

===== 2026-01-15 09:36:43 =====
hostname             Thu Jan 15 09:36:44 2026  560.35.05
[0] NVIDIA A40 | 48°C,   0 % |     0 / 46068 MB |
[1] NVIDIA A40 | 48°C,   0 % |     0 / 46068 MB |
[2] NVIDIA A40 | 33°C,   0 % |     0 / 46068 MB |
[3] NVIDIA A40 | 32°C,   0 % |     0 / 46068 MB |
[4] NVIDIA A40 | 33°C,   0 % |     0 / 46068 MB |
[5] NVIDIA A40 | 33°C,   0 % |     0 / 46068 MB |
[6] NVIDIA A40 | 34°C,   0 % |     0 / 46068 MB |
[7] NVIDIA A40 | 33°C,   0 % |     0 / 46068 MB |

===== 2026-01-15 09:36:45 =====
hostname             Thu Jan 15 09:36:46 2026  560.35.05
[0] NVIDIA A40 | 47°C,   0 % |     0 / 46068 MB |
[1] NVIDIA A40 | 48°C,   0 % |     0 / 46068 MB |
[2] NVIDIA A40 | 33°C,   0 % |     0 / 46068 MB |
[3] NVIDIA A40 | 32°C,   0 % |     0 / 46068 MB |
[4] NVIDIA A40 | 33°C,   0 % |     0 / 46068 MB |
[5] NVIDIA A40 | 33°C,   0 % |     0 / 46068 MB |
[6] NVIDIA A40 | 34°C,   0 % |     0 / 46068 MB |
[7] NVIDIA A40 | 33°C,   0 % |     0 / 46068 MB |

===== 2026-01-15 09:36:47 =====
