===== 2026-01-15 09:35:37 =====
               total        used        free      shared  buff/cache   available
Mem:           503Gi       5.4Gi       277Gi        75Mi       220Gi       494Gi
Swap:          8.0Gi       1.7Gi       6.3Gi

===== 2026-01-15 09:35:38 =====
               total        used        free      shared  buff/cache   available
Mem:           503Gi       5.7Gi       277Gi        75Mi       220Gi       494Gi
Swap:          8.0Gi       1.7Gi       6.3Gi

===== 2026-01-15 09:35:39 =====
               total        used        free      shared  buff/cache   available
Mem:           503Gi       6.0Gi       277Gi        75Mi       220Gi       494Gi
Swap:          8.0Gi       1.7Gi       6.3Gi

===== 2026-01-15 09:35:40 =====
               total        used        free      shared  buff/cache   available
Mem:           503Gi       6.2Gi       277Gi        75Mi       220Gi       494Gi
Swap:          8.0Gi       1.7Gi       6.3Gi

===== 2026-01-15 09:35:41 =====
               total        used        free      shared  buff/cache   available
Mem:           503Gi       6.4Gi       277Gi        75Mi       220Gi       494Gi
Swap:          8.0Gi       1.7Gi       6.3Gi

===== 2026-01-15 09:35:42 =====
               total        used        free      shared  buff/cache   available
Mem:           503Gi       6.6Gi       276Gi        75Mi       220Gi       493Gi
Swap:          8.0Gi       1.7Gi       6.3Gi

===== 2026-01-15 09:35:43 =====
               total        used        free      shared  buff/cache   available
Mem:           503Gi       7.1Gi       276Gi        75Mi       220Gi       493Gi
Swap:          8.0Gi       1.7Gi       6.3Gi

===== 2026-01-15 09:35:44 =====
               total        used        free      shared  buff/cache   available
Mem:           503Gi       7.9Gi       275Gi        75Mi       220Gi       492Gi
Swap:          8.0Gi       1.7Gi       6.3Gi

===== 2026-01-15 09:35:45 =====
               total        used        free      shared  buff/cache   available
Mem:           503Gi       8.6Gi       274Gi        75Mi       220Gi       491Gi
Swap:          8.0Gi       1.7Gi       6.3Gi

===== 2026-01-15 09:35:46 =====
               total        used        free      shared  buff/cache   available
Mem:           503Gi       9.4Gi       273Gi        75Mi       220Gi       490Gi
Swap:          8.0Gi       1.7Gi       6.3Gi

===== 2026-01-15 09:35:47 =====
               total        used        free      shared  buff/cache   available
Mem:           503Gi        10Gi       273Gi        75Mi       220Gi       490Gi
Swap:          8.0Gi       1.7Gi       6.3Gi

===== 2026-01-15 09:35:48 =====
               total        used        free      shared  buff/cache   available
Mem:           503Gi        11Gi       272Gi        75Mi       220Gi       489Gi
Swap:          8.0Gi       1.7Gi       6.3Gi

===== 2026-01-15 09:35:49 =====
               total        used        free      shared  buff/cache   available
Mem:           503Gi        11Gi       272Gi        75Mi       220Gi       489Gi
Swap:          8.0Gi       1.7Gi       6.3Gi

===== 2026-01-15 09:35:50 =====
               total        used        free      shared  buff/cache   available
Mem:           503Gi        11Gi       272Gi        75Mi       220Gi       489Gi
Swap:          8.0Gi       1.7Gi       6.3Gi

===== 2026-01-15 09:35:51 =====
               total        used        free      shared  buff/cache   available
Mem:           503Gi        11Gi       272Gi        75Mi       220Gi       489Gi
Swap:          8.0Gi       1.7Gi       6.3Gi

===== 2026-01-15 09:35:52 =====
               total        used        free      shared  buff/cache   available
Mem:           503Gi        11Gi       272Gi        75Mi       220Gi       489Gi
Swap:          8.0Gi       1.7Gi       6.3Gi

===== 2026-01-15 09:35:53 =====
               total        used        free      shared  buff/cache   available
Mem:           503Gi        11Gi       272Gi        75Mi       220Gi       489Gi
Swap:          8.0Gi       1.7Gi       6.3Gi

===== 2026-01-15 09:35:54 =====
               total        used        free      shared  buff/cache   available
Mem:           503Gi        11Gi       271Gi        75Mi       220Gi       488Gi
Swap:          8.0Gi       1.7Gi       6.3Gi

===== 2026-01-15 09:35:55 =====
               total        used        free      shared  buff/cache   available
Mem:           503Gi        12Gi       271Gi        75Mi       220Gi       488Gi
Swap:          8.0Gi       1.7Gi       6.3Gi

===== 2026-01-15 09:35:56 =====
               total        used        free      shared  buff/cache   available
Mem:           503Gi        12Gi       271Gi        75Mi       220Gi       488Gi
Swap:          8.0Gi       1.7Gi       6.3Gi

===== 2026-01-15 09:35:57 =====
               total        used        free      shared  buff/cache   available
Mem:           503Gi        11Gi       271Gi        83Mi       220Gi       488Gi
Swap:          8.0Gi       1.7Gi       6.3Gi

===== 2026-01-15 09:35:58 =====
               total        used        free      shared  buff/cache   available
Mem:           503Gi       8.0Gi       275Gi        83Mi       220Gi       492Gi
Swap:          8.0Gi       1.7Gi       6.3Gi

===== 2026-01-15 09:35:59 =====
               total        used        free      shared  buff/cache   available
Mem:           503Gi       8.6Gi       274Gi        83Mi       220Gi       491Gi
Swap:          8.0Gi       1.7Gi       6.3Gi

===== 2026-01-15 09:36:00 =====
               total        used        free      shared  buff/cache   available
Mem:           503Gi       9.4Gi       274Gi        83Mi       220Gi       491Gi
Swap:          8.0Gi       1.7Gi       6.3Gi

===== 2026-01-15 09:36:01 =====
               total        used        free      shared  buff/cache   available
Mem:           503Gi        10Gi       273Gi        83Mi       220Gi       490Gi
Swap:          8.0Gi       1.7Gi       6.3Gi

===== 2026-01-15 09:36:02 =====
               total        used        free      shared  buff/cache   available
Mem:           503Gi        10Gi       272Gi        83Mi       220Gi       489Gi
Swap:          8.0Gi       1.7Gi       6.3Gi

===== 2026-01-15 09:36:03 =====
               total        used        free      shared  buff/cache   available
Mem:           503Gi        11Gi       271Gi        83Mi       220Gi       488Gi
Swap:          8.0Gi       1.7Gi       6.3Gi

===== 2026-01-15 09:36:04 =====
               total        used        free      shared  buff/cache   available
Mem:           503Gi        12Gi       271Gi        83Mi       220Gi       488Gi
Swap:          8.0Gi       1.7Gi       6.3Gi

===== 2026-01-15 09:36:05 =====
               total        used        free      shared  buff/cache   available
Mem:           503Gi        12Gi       271Gi        83Mi       220Gi       488Gi
Swap:          8.0Gi       1.7Gi       6.3Gi

===== 2026-01-15 09:36:06 =====
               total        used        free      shared  buff/cache   available
Mem:           503Gi        12Gi       271Gi        83Mi       220Gi       488Gi
Swap:          8.0Gi       1.7Gi       6.3Gi

===== 2026-01-15 09:36:07 =====
               total        used        free      shared  buff/cache   available
Mem:           503Gi        12Gi       271Gi        83Mi       220Gi       488Gi
Swap:          8.0Gi       1.7Gi       6.3Gi

===== 2026-01-15 09:36:08 =====
               total        used        free      shared  buff/cache   available
Mem:           503Gi        12Gi       271Gi        83Mi       220Gi       488Gi
Swap:          8.0Gi       1.7Gi       6.3Gi

===== 2026-01-15 09:36:09 =====
               total        used        free      shared  buff/cache   available
Mem:           503Gi        12Gi       270Gi        83Mi       220Gi       487Gi
Swap:          8.0Gi       1.7Gi       6.3Gi

===== 2026-01-15 09:36:10 =====
               total        used        free      shared  buff/cache   available
Mem:           503Gi        12Gi       270Gi        83Mi       220Gi       487Gi
Swap:          8.0Gi       1.7Gi       6.3Gi

===== 2026-01-15 09:36:11 =====
               total        used        free      shared  buff/cache   available
Mem:           503Gi        13Gi       270Gi        91Mi       220Gi       487Gi
Swap:          8.0Gi       1.7Gi       6.3Gi

===== 2026-01-15 09:36:12 =====
               total        used        free      shared  buff/cache   available
Mem:           503Gi        11Gi       271Gi        91Mi       220Gi       488Gi
Swap:          8.0Gi       1.7Gi       6.3Gi

===== 2026-01-15 09:36:13 =====
               total        used        free      shared  buff/cache   available
Mem:           503Gi       8.5Gi       274Gi       177Mi       220Gi       491Gi
Swap:          8.0Gi       1.7Gi       6.3Gi

===== 2026-01-15 09:36:14 =====
               total        used        free      shared  buff/cache   available
Mem:           503Gi       9.1Gi       274Gi       185Mi       220Gi       491Gi
Swap:          8.0Gi       1.7Gi       6.3Gi

===== 2026-01-15 09:36:15 =====
               total        used        free      shared  buff/cache   available
Mem:           503Gi       9.1Gi       274Gi       185Mi       220Gi       491Gi
Swap:          8.0Gi       1.7Gi       6.3Gi

===== 2026-01-15 09:36:16 =====
               total        used        free      shared  buff/cache   available
Mem:           503Gi       9.5Gi       273Gi       185Mi       220Gi       490Gi
Swap:          8.0Gi       1.7Gi       6.3Gi

===== 2026-01-15 09:36:17 =====
               total        used        free      shared  buff/cache   available
Mem:           503Gi       9.5Gi       273Gi       185Mi       220Gi       490Gi
Swap:          8.0Gi       1.7Gi       6.3Gi

===== 2026-01-15 09:36:18 =====
               total        used        free      shared  buff/cache   available
Mem:           503Gi       9.5Gi       273Gi       185Mi       220Gi       490Gi
Swap:          8.0Gi       1.7Gi       6.3Gi

===== 2026-01-15 09:36:19 =====
               total        used        free      shared  buff/cache   available
Mem:           503Gi       9.5Gi       273Gi       185Mi       220Gi       490Gi
Swap:          8.0Gi       1.7Gi       6.3Gi

===== 2026-01-15 09:36:20 =====
               total        used        free      shared  buff/cache   available
Mem:           503Gi       9.5Gi       273Gi       185Mi       220Gi       490Gi
Swap:          8.0Gi       1.7Gi       6.3Gi

===== 2026-01-15 09:36:21 =====
               total        used        free      shared  buff/cache   available
Mem:           503Gi       9.5Gi       273Gi       185Mi       220Gi       490Gi
Swap:          8.0Gi       1.7Gi       6.3Gi

===== 2026-01-15 09:36:22 =====
               total        used        free      shared  buff/cache   available
Mem:           503Gi       9.5Gi       273Gi       185Mi       220Gi       490Gi
Swap:          8.0Gi       1.7Gi       6.3Gi

===== 2026-01-15 09:36:23 =====
               total        used        free      shared  buff/cache   available
Mem:           503Gi       9.5Gi       273Gi       185Mi       220Gi       490Gi
Swap:          8.0Gi       1.7Gi       6.3Gi

===== 2026-01-15 09:36:24 =====
               total        used        free      shared  buff/cache   available
Mem:           503Gi       9.5Gi       273Gi       185Mi       220Gi       490Gi
Swap:          8.0Gi       1.7Gi       6.3Gi

===== 2026-01-15 09:36:25 =====
               total        used        free      shared  buff/cache   available
Mem:           503Gi       9.5Gi       273Gi       185Mi       220Gi       490Gi
Swap:          8.0Gi       1.7Gi       6.3Gi

===== 2026-01-15 09:36:26 =====
               total        used        free      shared  buff/cache   available
Mem:           503Gi       9.5Gi       273Gi       185Mi       220Gi       490Gi
Swap:          8.0Gi       1.7Gi       6.3Gi

===== 2026-01-15 09:36:27 =====
               total        used        free      shared  buff/cache   available
Mem:           503Gi       9.5Gi       273Gi       185Mi       220Gi       490Gi
Swap:          8.0Gi       1.7Gi       6.3Gi

===== 2026-01-15 09:36:28 =====
               total        used        free      shared  buff/cache   available
Mem:           503Gi       9.5Gi       273Gi       185Mi       220Gi       490Gi
Swap:          8.0Gi       1.7Gi       6.3Gi

===== 2026-01-15 09:36:29 =====
               total        used        free      shared  buff/cache   available
Mem:           503Gi       9.5Gi       273Gi       185Mi       220Gi       490Gi
Swap:          8.0Gi       1.7Gi       6.3Gi

===== 2026-01-15 09:36:30 =====
               total        used        free      shared  buff/cache   available
Mem:           503Gi       9.5Gi       273Gi       185Mi       220Gi       490Gi
Swap:          8.0Gi       1.7Gi       6.3Gi

===== 2026-01-15 09:36:31 =====
               total        used        free      shared  buff/cache   available
Mem:           503Gi       9.5Gi       273Gi       185Mi       220Gi       490Gi
Swap:          8.0Gi       1.7Gi       6.3Gi

===== 2026-01-15 09:36:32 =====
               total        used        free      shared  buff/cache   available
Mem:           503Gi       9.5Gi       273Gi       185Mi       220Gi       490Gi
Swap:          8.0Gi       1.7Gi       6.3Gi

===== 2026-01-15 09:36:33 =====
               total        used        free      shared  buff/cache   available
Mem:           503Gi       9.5Gi       273Gi       185Mi       220Gi       490Gi
Swap:          8.0Gi       1.7Gi       6.3Gi

===== 2026-01-15 09:36:34 =====
               total        used        free      shared  buff/cache   available
Mem:           503Gi       9.5Gi       273Gi       185Mi       220Gi       490Gi
Swap:          8.0Gi       1.7Gi       6.3Gi

===== 2026-01-15 09:36:35 =====
               total        used        free      shared  buff/cache   available
Mem:           503Gi       9.5Gi       273Gi       185Mi       220Gi       490Gi
Swap:          8.0Gi       1.7Gi       6.3Gi

===== 2026-01-15 09:36:36 =====
               total        used        free      shared  buff/cache   available
Mem:           503Gi       9.5Gi       273Gi       185Mi       220Gi       490Gi
Swap:          8.0Gi       1.7Gi       6.3Gi

===== 2026-01-15 09:36:37 =====
               total        used        free      shared  buff/cache   available
Mem:           503Gi       8.5Gi       274Gi       249Mi       220Gi       491Gi
Swap:          8.0Gi       1.7Gi       6.3Gi

===== 2026-01-15 09:36:38 =====
               total        used        free      shared  buff/cache   available
Mem:           503Gi       8.6Gi       274Gi       115Mi       220Gi       491Gi
Swap:          8.0Gi       1.7Gi       6.3Gi

===== 2026-01-15 09:36:39 =====
               total        used        free      shared  buff/cache   available
Mem:           503Gi       5.8Gi       277Gi        91Mi       220Gi       494Gi
Swap:          8.0Gi       1.7Gi       6.3Gi

===== 2026-01-15 09:36:40 =====
               total        used        free      shared  buff/cache   available
Mem:           503Gi       5.4Gi       277Gi        75Mi       220Gi       494Gi
Swap:          8.0Gi       1.7Gi       6.3Gi

===== 2026-01-15 09:36:41 =====
               total        used        free      shared  buff/cache   available
Mem:           503Gi       5.5Gi       277Gi        75Mi       220Gi       494Gi
Swap:          8.0Gi       1.7Gi       6.3Gi

===== 2026-01-15 09:36:42 =====
               total        used        free      shared  buff/cache   available
Mem:           503Gi       5.4Gi       277Gi        75Mi       220Gi       494Gi
Swap:          8.0Gi       1.7Gi       6.3Gi

===== 2026-01-15 09:36:43 =====
               total        used        free      shared  buff/cache   available
Mem:           503Gi       5.5Gi       277Gi        75Mi       220Gi       494Gi
Swap:          8.0Gi       1.7Gi       6.3Gi

===== 2026-01-15 09:36:44 =====
               total        used        free      shared  buff/cache   available
Mem:           503Gi       5.4Gi       277Gi        75Mi       220Gi       494Gi
Swap:          8.0Gi       1.7Gi       6.3Gi

===== 2026-01-15 09:36:45 =====
               total        used        free      shared  buff/cache   available
Mem:           503Gi       5.5Gi       277Gi        75Mi       220Gi       494Gi
Swap:          8.0Gi       1.7Gi       6.3Gi

===== 2026-01-15 09:36:46 =====
               total        used        free      shared  buff/cache   available
Mem:           503Gi       5.4Gi       277Gi        75Mi       220Gi       494Gi
Swap:          8.0Gi       1.7Gi       6.3Gi

===== 2026-01-15 09:36:47 =====
               total        used        free      shared  buff/cache   available
Mem:           503Gi       5.5Gi       277Gi        75Mi       220Gi       494Gi
Swap:          8.0Gi       1.7Gi       6.3Gi

